Archive member included to satisfy reference by file (symbol)

c:/program files (x86)/gnu tools arm embedded/5.4 2016q3/bin/../lib/gcc/arm-none-eabi/5.4.1/armv7e-m\libgcc.a(_arm_addsubdf3.o)
                              ..\obj\main.o (__aeabi_dadd)
c:/program files (x86)/gnu tools arm embedded/5.4 2016q3/bin/../lib/gcc/arm-none-eabi/5.4.1/armv7e-m\libgcc.a(_arm_muldivdf3.o)
                              ..\obj\display.o (__aeabi_dmul)
c:/program files (x86)/gnu tools arm embedded/5.4 2016q3/bin/../lib/gcc/arm-none-eabi/5.4.1/armv7e-m\libgcc.a(_arm_cmpdf2.o)
                              ..\obj\display.o (__aeabi_dcmplt)
c:/program files (x86)/gnu tools arm embedded/5.4 2016q3/bin/../lib/gcc/arm-none-eabi/5.4.1/armv7e-m\libgcc.a(_arm_fixdfsi.o)
                              ..\obj\display.o (__aeabi_d2iz)
c:/program files (x86)/gnu tools arm embedded/5.4 2016q3/bin/../lib/gcc/arm-none-eabi/5.4.1/armv7e-m\libgcc.a(_arm_truncdfsf2.o)
                              ..\obj\display.o (__aeabi_d2f)
c:/program files (x86)/gnu tools arm embedded/5.4 2016q3/bin/../lib/gcc/arm-none-eabi/5.4.1/armv7e-m\libgcc.a(_arm_addsubsf3.o)
                              ..\obj\main.o (__aeabi_ui2f)
c:/program files (x86)/gnu tools arm embedded/5.4 2016q3/bin/../lib/gcc/arm-none-eabi/5.4.1/armv7e-m\libgcc.a(_arm_muldivsf3.o)
                              ..\obj\main.o (__aeabi_fmul)
c:/program files (x86)/gnu tools arm embedded/5.4 2016q3/bin/../lib/gcc/arm-none-eabi/5.4.1/armv7e-m\libgcc.a(_arm_cmpsf2.o)
                              ..\obj\display.o (__aeabi_fcmplt)
c:/program files (x86)/gnu tools arm embedded/5.4 2016q3/bin/../lib/gcc/arm-none-eabi/5.4.1/armv7e-m\libgcc.a(_arm_fixunssfsi.o)
                              ..\obj\main.o (__aeabi_f2uiz)
c:/program files (x86)/gnu tools arm embedded/5.4 2016q3/bin/../lib/gcc/arm-none-eabi/5.4.1/../../../../arm-none-eabi/lib/armv7e-m\libg.a(lib_a-malloc.o)
                              ..\obj\list.o (malloc)
c:/program files (x86)/gnu tools arm embedded/5.4 2016q3/bin/../lib/gcc/arm-none-eabi/5.4.1/../../../../arm-none-eabi/lib/armv7e-m\libg.a(lib_a-mallocr.o)
                              c:/program files (x86)/gnu tools arm embedded/5.4 2016q3/bin/../lib/gcc/arm-none-eabi/5.4.1/../../../../arm-none-eabi/lib/armv7e-m\libg.a(lib_a-malloc.o) (_malloc_r)
c:/program files (x86)/gnu tools arm embedded/5.4 2016q3/bin/../lib/gcc/arm-none-eabi/5.4.1/../../../../arm-none-eabi/lib/armv7e-m\libg.a(lib_a-mlock.o)
                              c:/program files (x86)/gnu tools arm embedded/5.4 2016q3/bin/../lib/gcc/arm-none-eabi/5.4.1/../../../../arm-none-eabi/lib/armv7e-m\libg.a(lib_a-mallocr.o) (__malloc_lock)
c:/program files (x86)/gnu tools arm embedded/5.4 2016q3/bin/../lib/gcc/arm-none-eabi/5.4.1/../../../../arm-none-eabi/lib/armv7e-m\libg.a(lib_a-sbrkr.o)
                              c:/program files (x86)/gnu tools arm embedded/5.4 2016q3/bin/../lib/gcc/arm-none-eabi/5.4.1/../../../../arm-none-eabi/lib/armv7e-m\libg.a(lib_a-mallocr.o) (_sbrk_r)
c:/program files (x86)/gnu tools arm embedded/5.4 2016q3/bin/../lib/gcc/arm-none-eabi/5.4.1/../../../../arm-none-eabi/lib/armv7e-m\libg.a(lib_a-freer.o)
                              c:/program files (x86)/gnu tools arm embedded/5.4 2016q3/bin/../lib/gcc/arm-none-eabi/5.4.1/../../../../arm-none-eabi/lib/armv7e-m\libg.a(lib_a-malloc.o) (_free_r)
c:/program files (x86)/gnu tools arm embedded/5.4 2016q3/bin/../lib/gcc/arm-none-eabi/5.4.1/../../../../arm-none-eabi/lib/armv7e-m\libg.a(lib_a-impure.o)
                              c:/program files (x86)/gnu tools arm embedded/5.4 2016q3/bin/../lib/gcc/arm-none-eabi/5.4.1/../../../../arm-none-eabi/lib/armv7e-m\libg.a(lib_a-malloc.o) (_impure_ptr)
c:/program files (x86)/gnu tools arm embedded/5.4 2016q3/bin/../lib/gcc/arm-none-eabi/5.4.1/../../../../arm-none-eabi/lib/armv7e-m\libg.a(lib_a-reent.o)
                              c:/program files (x86)/gnu tools arm embedded/5.4 2016q3/bin/../lib/gcc/arm-none-eabi/5.4.1/../../../../arm-none-eabi/lib/armv7e-m\libg.a(lib_a-sbrkr.o) (errno)

Allocating common symbols
Common symbol       size              file

fileInfo            0x18              ..\obj\main.o
errno               0x4               c:/program files (x86)/gnu tools arm embedded/5.4 2016q3/bin/../lib/gcc/arm-none-eabi/5.4.1/../../../../arm-none-eabi/lib/armv7e-m\libg.a(lib_a-reent.o)
file                0x228             ..\obj\main.o
DAC_Buff            0x200             ..\obj\main.o
current             0x4               ..\obj\main.o
Dir                 0x24              ..\obj\main.o
filesystem          0x230             ..\obj\main.o
fresult             0x1               ..\obj\main.o

Discarded input sections

 .text          0x00000000        0x0 ..\obj\stm32f4xx_syscfg.o
 .data          0x00000000        0x0 ..\obj\stm32f4xx_syscfg.o
 .bss           0x00000000        0x0 ..\obj\stm32f4xx_syscfg.o
 .text.SYSCFG_DeInit
                0x00000000       0x1c ..\obj\stm32f4xx_syscfg.o
 .text.SYSCFG_MemoryRemapConfig
                0x00000000       0x20 ..\obj\stm32f4xx_syscfg.o
 .text.SYSCFG_ETH_MediaInterfaceConfig
                0x00000000       0x1c ..\obj\stm32f4xx_syscfg.o
 .text.SYSCFG_CompensationCellCmd
                0x00000000       0x20 ..\obj\stm32f4xx_syscfg.o
 .text.SYSCFG_GetCompensationCellStatus
                0x00000000       0x30 ..\obj\stm32f4xx_syscfg.o
 .text          0x00000000        0x0 ..\obj\delay.o
 .data          0x00000000        0x0 ..\obj\delay.o
 .text          0x00000000        0x0 ..\obj\stm32f4xx_dac.o
 .data          0x00000000        0x0 ..\obj\stm32f4xx_dac.o
 .bss           0x00000000        0x0 ..\obj\stm32f4xx_dac.o
 .text.DAC_DeInit
                0x00000000       0x1c ..\obj\stm32f4xx_dac.o
 .text.DAC_SoftwareTriggerCmd
                0x00000000       0x4c ..\obj\stm32f4xx_dac.o
 .text.DAC_DualSoftwareTriggerCmd
                0x00000000       0x38 ..\obj\stm32f4xx_dac.o
 .text.DAC_WaveGenerationCmd
                0x00000000       0x4c ..\obj\stm32f4xx_dac.o
 .text.DAC_SetChannel1Data
                0x00000000       0x34 ..\obj\stm32f4xx_dac.o
 .text.DAC_SetChannel2Data
                0x00000000       0x34 ..\obj\stm32f4xx_dac.o
 .text.DAC_SetDualChannelData
                0x00000000       0x58 ..\obj\stm32f4xx_dac.o
 .text.DAC_GetDataOutputValue
                0x00000000       0x30 ..\obj\stm32f4xx_dac.o
 .text.DAC_ITConfig
                0x00000000       0x4c ..\obj\stm32f4xx_dac.o
 .text.DAC_GetFlagStatus
                0x00000000       0x3c ..\obj\stm32f4xx_dac.o
 .text.DAC_ClearFlag
                0x00000000       0x24 ..\obj\stm32f4xx_dac.o
 .text.DAC_GetITStatus
                0x00000000       0x54 ..\obj\stm32f4xx_dac.o
 .text.DAC_ClearITPendingBit
                0x00000000       0x24 ..\obj\stm32f4xx_dac.o
 .text          0x00000000        0x0 ..\obj\startup_stm32f4xx.o
 .data          0x00000000        0x0 ..\obj\startup_stm32f4xx.o
 .bss           0x00000000        0x0 ..\obj\startup_stm32f4xx.o
 .text          0x00000000        0x0 ..\obj\main.o
 .text          0x00000000        0x0 ..\obj\stm32f4xx_rcc.o
 .data          0x00000000       0x10 ..\obj\stm32f4xx_rcc.o
 .bss           0x00000000        0x0 ..\obj\stm32f4xx_rcc.o
 .text.RCC_DeInit
                0x00000000       0x50 ..\obj\stm32f4xx_rcc.o
 .text.RCC_HSEConfig
                0x00000000       0x24 ..\obj\stm32f4xx_rcc.o
 .text.RCC_WaitForHSEStartUp
                0x00000000       0x50 ..\obj\stm32f4xx_rcc.o
 .text.RCC_AdjustHSICalibrationValue
                0x00000000       0x3c ..\obj\stm32f4xx_rcc.o
 .text.RCC_HSICmd
                0x00000000       0x20 ..\obj\stm32f4xx_rcc.o
 .text.RCC_LSEConfig
                0x00000000       0x40 ..\obj\stm32f4xx_rcc.o
 .text.RCC_LSICmd
                0x00000000       0x20 ..\obj\stm32f4xx_rcc.o
 .text.RCC_PLLConfig
                0x00000000       0x3c ..\obj\stm32f4xx_rcc.o
 .text.RCC_PLLCmd
                0x00000000       0x20 ..\obj\stm32f4xx_rcc.o
 .text.RCC_PLLI2SConfig
                0x00000000       0x28 ..\obj\stm32f4xx_rcc.o
 .text.RCC_PLLI2SCmd
                0x00000000       0x20 ..\obj\stm32f4xx_rcc.o
 .text.RCC_ClockSecuritySystemCmd
                0x00000000       0x20 ..\obj\stm32f4xx_rcc.o
 .text.RCC_MCO1Config
                0x00000000       0x3c ..\obj\stm32f4xx_rcc.o
 .text.RCC_MCO2Config
                0x00000000       0x3c ..\obj\stm32f4xx_rcc.o
 .text.RCC_SYSCLKConfig
                0x00000000       0x38 ..\obj\stm32f4xx_rcc.o
 .text.RCC_GetSYSCLKSource
                0x00000000       0x1c ..\obj\stm32f4xx_rcc.o
 .text.RCC_HCLKConfig
                0x00000000       0x38 ..\obj\stm32f4xx_rcc.o
 .text.RCC_PCLK1Config
                0x00000000       0x38 ..\obj\stm32f4xx_rcc.o
 .text.RCC_PCLK2Config
                0x00000000       0x38 ..\obj\stm32f4xx_rcc.o
 .text.RCC_GetClocksFreq
                0x00000000      0x154 ..\obj\stm32f4xx_rcc.o
 .text.RCC_RTCCLKConfig
                0x00000000       0x5c ..\obj\stm32f4xx_rcc.o
 .text.RCC_RTCCLKCmd
                0x00000000       0x20 ..\obj\stm32f4xx_rcc.o
 .text.RCC_BackupResetCmd
                0x00000000       0x20 ..\obj\stm32f4xx_rcc.o
 .text.RCC_I2SCLKConfig
                0x00000000       0x1c ..\obj\stm32f4xx_rcc.o
 .text.RCC_AHB2PeriphClockCmd
                0x00000000       0x3c ..\obj\stm32f4xx_rcc.o
 .text.RCC_AHB3PeriphClockCmd
                0x00000000       0x3c ..\obj\stm32f4xx_rcc.o
 .text.RCC_AHB1PeriphResetCmd
                0x00000000       0x3c ..\obj\stm32f4xx_rcc.o
 .text.RCC_AHB2PeriphResetCmd
                0x00000000       0x3c ..\obj\stm32f4xx_rcc.o
 .text.RCC_AHB3PeriphResetCmd
                0x00000000       0x3c ..\obj\stm32f4xx_rcc.o
 .text.RCC_APB1PeriphResetCmd
                0x00000000       0x3c ..\obj\stm32f4xx_rcc.o
 .text.RCC_APB2PeriphResetCmd
                0x00000000       0x3c ..\obj\stm32f4xx_rcc.o
 .text.RCC_AHB1PeriphClockLPModeCmd
                0x00000000       0x3c ..\obj\stm32f4xx_rcc.o
 .text.RCC_AHB2PeriphClockLPModeCmd
                0x00000000       0x3c ..\obj\stm32f4xx_rcc.o
 .text.RCC_AHB3PeriphClockLPModeCmd
                0x00000000       0x3c ..\obj\stm32f4xx_rcc.o
 .text.RCC_APB1PeriphClockLPModeCmd
                0x00000000       0x3c ..\obj\stm32f4xx_rcc.o
 .text.RCC_APB2PeriphClockLPModeCmd
                0x00000000       0x3c ..\obj\stm32f4xx_rcc.o
 .text.RCC_ITConfig
                0x00000000       0x4c ..\obj\stm32f4xx_rcc.o
 .text.RCC_GetFlagStatus
                0x00000000       0x74 ..\obj\stm32f4xx_rcc.o
 .text.RCC_ClearFlag
                0x00000000       0x1c ..\obj\stm32f4xx_rcc.o
 .text.RCC_GetITStatus
                0x00000000       0x34 ..\obj\stm32f4xx_rcc.o
 .text.RCC_ClearITPendingBit
                0x00000000       0x20 ..\obj\stm32f4xx_rcc.o
 .text          0x00000000        0x0 ..\obj\stm32f4xx_adc.o
 .data          0x00000000        0x0 ..\obj\stm32f4xx_adc.o
 .bss           0x00000000        0x0 ..\obj\stm32f4xx_adc.o
 .text.ADC_DeInit
                0x00000000       0x1c ..\obj\stm32f4xx_adc.o
 .text.ADC_StructInit
                0x00000000       0x3c ..\obj\stm32f4xx_adc.o
 .text.ADC_CommonStructInit
                0x00000000       0x2c ..\obj\stm32f4xx_adc.o
 .text.ADC_AnalogWatchdogCmd
                0x00000000       0x38 ..\obj\stm32f4xx_adc.o
 .text.ADC_AnalogWatchdogThresholdsConfig
                0x00000000       0x28 ..\obj\stm32f4xx_adc.o
 .text.ADC_AnalogWatchdogSingleChannelConfig
                0x00000000       0x38 ..\obj\stm32f4xx_adc.o
 .text.ADC_TempSensorVrefintCmd
                0x00000000       0x38 ..\obj\stm32f4xx_adc.o
 .text.ADC_VBATCmd
                0x00000000       0x38 ..\obj\stm32f4xx_adc.o
 .text.ADC_GetSoftwareStartConvStatus
                0x00000000       0x30 ..\obj\stm32f4xx_adc.o
 .text.ADC_EOCOnEachRegularChannelCmd
                0x00000000       0x38 ..\obj\stm32f4xx_adc.o
 .text.ADC_ContinuousModeCmd
                0x00000000       0x38 ..\obj\stm32f4xx_adc.o
 .text.ADC_DiscModeChannelCountConfig
                0x00000000       0x44 ..\obj\stm32f4xx_adc.o
 .text.ADC_DiscModeCmd
                0x00000000       0x38 ..\obj\stm32f4xx_adc.o
 .text.ADC_GetMultiModeConversionValue
                0x00000000       0x14 ..\obj\stm32f4xx_adc.o
 .text.ADC_DMACmd
                0x00000000       0x38 ..\obj\stm32f4xx_adc.o
 .text.ADC_DMARequestAfterLastTransferCmd
                0x00000000       0x38 ..\obj\stm32f4xx_adc.o
 .text.ADC_MultiModeDMARequestAfterLastTransferCmd
                0x00000000       0x38 ..\obj\stm32f4xx_adc.o
 .text.ADC_InjectedChannelConfig
                0x00000000      0x120 ..\obj\stm32f4xx_adc.o
 .text.ADC_InjectedSequencerLengthConfig
                0x00000000       0x44 ..\obj\stm32f4xx_adc.o
 .text.ADC_SetInjectedOffset
                0x00000000       0x34 ..\obj\stm32f4xx_adc.o
 .text.ADC_ExternalTrigInjectedConvConfig
                0x00000000       0x34 ..\obj\stm32f4xx_adc.o
 .text.ADC_ExternalTrigInjectedConvEdgeConfig
                0x00000000       0x34 ..\obj\stm32f4xx_adc.o
 .text.ADC_SoftwareStartInjectedConv
                0x00000000       0x20 ..\obj\stm32f4xx_adc.o
 .text.ADC_GetSoftwareStartInjectedConvCmdStatus
                0x00000000       0x30 ..\obj\stm32f4xx_adc.o
 .text.ADC_AutoInjectedConvCmd
                0x00000000       0x38 ..\obj\stm32f4xx_adc.o
 .text.ADC_InjectedDiscModeCmd
                0x00000000       0x38 ..\obj\stm32f4xx_adc.o
 .text.ADC_GetInjectedConversionValue
                0x00000000       0x30 ..\obj\stm32f4xx_adc.o
 .text.ADC_ITConfig
                0x00000000       0x50 ..\obj\stm32f4xx_adc.o
 .text.ADC_ClearFlag
                0x00000000       0x20 ..\obj\stm32f4xx_adc.o
 .text.ADC_GetITStatus
                0x00000000       0x5c ..\obj\stm32f4xx_adc.o
 .text.ADC_ClearITPendingBit
                0x00000000       0x2c ..\obj\stm32f4xx_adc.o
 .text          0x00000000        0x0 ..\obj\display.o
 .text.abs      0x00000000       0x20 ..\obj\display.o
 .text          0x00000000        0x0 ..\obj\spi_sd.o
 .text.disk_timerproc
                0x00000000       0x48 ..\obj\spi_sd.o
 .text          0x00000000        0x0 ..\obj\stm32f4xx_gpio.o
 .data          0x00000000        0x0 ..\obj\stm32f4xx_gpio.o
 .bss           0x00000000        0x0 ..\obj\stm32f4xx_gpio.o
 .text.GPIO_DeInit
                0x00000000      0x120 ..\obj\stm32f4xx_gpio.o
 .text.GPIO_StructInit
                0x00000000       0x34 ..\obj\stm32f4xx_gpio.o
 .text.GPIO_PinLockConfig
                0x00000000       0x44 ..\obj\stm32f4xx_gpio.o
 .text.GPIO_ReadInputDataBit
                0x00000000       0x34 ..\obj\stm32f4xx_gpio.o
 .text.GPIO_ReadInputData
                0x00000000       0x18 ..\obj\stm32f4xx_gpio.o
 .text.GPIO_ReadOutputDataBit
                0x00000000       0x34 ..\obj\stm32f4xx_gpio.o
 .text.GPIO_ReadOutputData
                0x00000000       0x18 ..\obj\stm32f4xx_gpio.o
 .text.GPIO_WriteBit
                0x00000000       0x30 ..\obj\stm32f4xx_gpio.o
 .text.GPIO_Write
                0x00000000       0x1c ..\obj\stm32f4xx_gpio.o
 .text          0x00000000        0x0 ..\obj\list.o
 .data          0x00000000        0x0 ..\obj\list.o
 .bss           0x00000000        0x0 ..\obj\list.o
 .text          0x00000000        0x0 ..\obj\system_stm32f4xx.o
 .data          0x00000000       0x14 ..\obj\system_stm32f4xx.o
 .bss           0x00000000        0x0 ..\obj\system_stm32f4xx.o
 .text.SystemCoreClockUpdate
                0x00000000       0xf8 ..\obj\system_stm32f4xx.o
 .text          0x00000000        0x0 ..\obj\syscalls.o
 .data          0x00000000        0x0 ..\obj\syscalls.o
 .text.link     0x00000000       0x18 ..\obj\syscalls.o
 .text._close   0x00000000       0x18 ..\obj\syscalls.o
 .text._fstat   0x00000000       0x20 ..\obj\syscalls.o
 .text._isatty  0x00000000       0x14 ..\obj\syscalls.o
 .text._lseek   0x00000000       0x18 ..\obj\syscalls.o
 .text._read    0x00000000       0x18 ..\obj\syscalls.o
 .text._write   0x00000000       0x18 ..\obj\syscalls.o
 .text.abort    0x00000000        0x8 ..\obj\syscalls.o
 .text          0x00000000        0x0 ..\obj\stm32f4xx_dma.o
 .data          0x00000000        0x0 ..\obj\stm32f4xx_dma.o
 .bss           0x00000000        0x0 ..\obj\stm32f4xx_dma.o
 .text.DMA_StructInit
                0x00000000       0x6c ..\obj\stm32f4xx_dma.o
 .text.DMA_PeriphIncOffsetSizeConfig
                0x00000000       0x34 ..\obj\stm32f4xx_dma.o
 .text.DMA_FlowControllerConfig
                0x00000000       0x34 ..\obj\stm32f4xx_dma.o
 .text.DMA_SetCurrDataCounter
                0x00000000       0x1c ..\obj\stm32f4xx_dma.o
 .text.DMA_GetCurrDataCounter
                0x00000000       0x18 ..\obj\stm32f4xx_dma.o
 .text.DMA_DoubleBufferModeConfig
                0x00000000       0x3c ..\obj\stm32f4xx_dma.o
 .text.DMA_DoubleBufferModeCmd
                0x00000000       0x38 ..\obj\stm32f4xx_dma.o
 .text.DMA_MemoryTargetConfig
                0x00000000       0x2c ..\obj\stm32f4xx_dma.o
 .text.DMA_GetCurrentMemoryTarget
                0x00000000       0x30 ..\obj\stm32f4xx_dma.o
 .text.DMA_GetCmdStatus
                0x00000000       0x30 ..\obj\stm32f4xx_dma.o
 .text.DMA_GetFIFOStatus
                0x00000000       0x24 ..\obj\stm32f4xx_dma.o
 .text.DMA_ITConfig
                0x00000000       0x74 ..\obj\stm32f4xx_dma.o
 .text.DMA_GetITStatus
                0x00000000       0xac ..\obj\stm32f4xx_dma.o
 .text.DMA_ClearITPendingBit
                0x00000000       0x5c ..\obj\stm32f4xx_dma.o
 .text          0x00000000        0x0 ..\obj\ff.o
 .data          0x00000000        0x0 ..\obj\ff.o
 .text.dir_remove
                0x00000000       0x3c ..\obj\ff.o
 .text.f_write  0x00000000      0x2d4 ..\obj\ff.o
 .text.f_closedir
                0x00000000       0x30 ..\obj\ff.o
 .text.f_stat   0x00000000       0x7c ..\obj\ff.o
 .text.f_getfree
                0x00000000      0x16c ..\obj\ff.o
 .text.f_truncate
                0x00000000      0x128 ..\obj\ff.o
 .text.f_unlink
                0x00000000      0x144 ..\obj\ff.o
 .text.f_mkdir  0x00000000      0x20c ..\obj\ff.o
 .text.f_rename
                0x00000000      0x1c8 ..\obj\ff.o
 .text          0x00000000        0x0 ..\obj\stm32f4xx_spi.o
 .data          0x00000000        0x0 ..\obj\stm32f4xx_spi.o
 .bss           0x00000000        0x0 ..\obj\stm32f4xx_spi.o
 .text.SPI_I2S_DeInit
                0x00000000       0x74 ..\obj\stm32f4xx_spi.o
 .text.I2S_Init
                0x00000000      0x1b4 ..\obj\stm32f4xx_spi.o
 .text.SPI_StructInit
                0x00000000       0x48 ..\obj\stm32f4xx_spi.o
 .text.I2S_StructInit
                0x00000000       0x38 ..\obj\stm32f4xx_spi.o
 .text.I2S_Cmd  0x00000000       0x40 ..\obj\stm32f4xx_spi.o
 .text.SPI_DataSizeConfig
                0x00000000       0x38 ..\obj\stm32f4xx_spi.o
 .text.SPI_BiDirectionalLineConfig
                0x00000000       0x40 ..\obj\stm32f4xx_spi.o
 .text.SPI_NSSInternalSoftwareConfig
                0x00000000       0x44 ..\obj\stm32f4xx_spi.o
 .text.SPI_SSOutputCmd
                0x00000000       0x40 ..\obj\stm32f4xx_spi.o
 .text.SPI_TIModeCmd
                0x00000000       0x40 ..\obj\stm32f4xx_spi.o
 .text.I2S_FullDuplexConfig
                0x00000000       0x9c ..\obj\stm32f4xx_spi.o
 .text.SPI_I2S_ReceiveData
                0x00000000       0x18 ..\obj\stm32f4xx_spi.o
 .text.SPI_I2S_SendData
                0x00000000       0x1c ..\obj\stm32f4xx_spi.o
 .text.SPI_TransmitCRC
                0x00000000       0x24 ..\obj\stm32f4xx_spi.o
 .text.SPI_GetCRC
                0x00000000       0x30 ..\obj\stm32f4xx_spi.o
 .text.SPI_GetCRCPolynomial
                0x00000000       0x18 ..\obj\stm32f4xx_spi.o
 .text.SPI_I2S_DMACmd
                0x00000000       0x48 ..\obj\stm32f4xx_spi.o
 .text.SPI_I2S_ITConfig
                0x00000000       0x60 ..\obj\stm32f4xx_spi.o
 .text.SPI_I2S_GetFlagStatus
                0x00000000       0x38 ..\obj\stm32f4xx_spi.o
 .text.SPI_I2S_ClearFlag
                0x00000000       0x20 ..\obj\stm32f4xx_spi.o
 .text.SPI_I2S_GetITStatus
                0x00000000       0x74 ..\obj\stm32f4xx_spi.o
 .text.SPI_I2S_ClearITPendingBit
                0x00000000       0x34 ..\obj\stm32f4xx_spi.o
 .text          0x00000000        0x0 ..\obj\stm32f4xx_exti.o
 .data          0x00000000        0x0 ..\obj\stm32f4xx_exti.o
 .bss           0x00000000        0x0 ..\obj\stm32f4xx_exti.o
 .text.EXTI_DeInit
                0x00000000       0x34 ..\obj\stm32f4xx_exti.o
 .text.EXTI_StructInit
                0x00000000       0x2c ..\obj\stm32f4xx_exti.o
 .text.EXTI_GenerateSWInterrupt
                0x00000000       0x24 ..\obj\stm32f4xx_exti.o
 .text.EXTI_GetFlagStatus
                0x00000000       0x34 ..\obj\stm32f4xx_exti.o
 .text.EXTI_ClearFlag
                0x00000000       0x1c ..\obj\stm32f4xx_exti.o
 .text          0x00000000        0x0 ..\obj\misc.o
 .data          0x00000000        0x0 ..\obj\misc.o
 .bss           0x00000000        0x0 ..\obj\misc.o
 .text.NVIC_SetVectorTable
                0x00000000       0x2c ..\obj\misc.o
 .text.SysTick_CLKSourceConfig
                0x00000000       0x38 ..\obj\misc.o
 .text          0x00000000        0x0 ..\obj\stm32f4xx_tim.o
 .data          0x00000000        0x0 ..\obj\stm32f4xx_tim.o
 .bss           0x00000000        0x0 ..\obj\stm32f4xx_tim.o
 .text.TIM_DeInit
                0x00000000      0x1c0 ..\obj\stm32f4xx_tim.o
 .text.TIM_TimeBaseStructInit
                0x00000000       0x34 ..\obj\stm32f4xx_tim.o
 .text.TIM_PrescalerConfig
                0x00000000       0x28 ..\obj\stm32f4xx_tim.o
 .text.TIM_CounterModeConfig
                0x00000000       0x38 ..\obj\stm32f4xx_tim.o
 .text.TIM_SetAutoreload
                0x00000000       0x1c ..\obj\stm32f4xx_tim.o
 .text.TIM_GetCounter
                0x00000000       0x18 ..\obj\stm32f4xx_tim.o
 .text.TIM_GetPrescaler
                0x00000000       0x18 ..\obj\stm32f4xx_tim.o
 .text.TIM_UpdateDisableConfig
                0x00000000       0x40 ..\obj\stm32f4xx_tim.o
 .text.TIM_UpdateRequestConfig
                0x00000000       0x40 ..\obj\stm32f4xx_tim.o
 .text.TIM_ARRPreloadConfig
                0x00000000       0x40 ..\obj\stm32f4xx_tim.o
 .text.TIM_SelectOnePulseMode
                0x00000000       0x38 ..\obj\stm32f4xx_tim.o
 .text.TIM_SetClockDivision
                0x00000000       0x38 ..\obj\stm32f4xx_tim.o
 .text.TIM_OC1Init
                0x00000000       0xf4 ..\obj\stm32f4xx_tim.o
 .text.TIM_OC2Init
                0x00000000      0x110 ..\obj\stm32f4xx_tim.o
 .text.TIM_OC3Init
                0x00000000      0x10c ..\obj\stm32f4xx_tim.o
 .text.TIM_OC4Init
                0x00000000       0xcc ..\obj\stm32f4xx_tim.o
 .text.TIM_OCStructInit
                0x00000000       0x44 ..\obj\stm32f4xx_tim.o
 .text.TIM_SelectOCxM
                0x00000000       0xb0 ..\obj\stm32f4xx_tim.o
 .text.TIM_SetCompare1
                0x00000000       0x1c ..\obj\stm32f4xx_tim.o
 .text.TIM_SetCompare2
                0x00000000       0x1c ..\obj\stm32f4xx_tim.o
 .text.TIM_SetCompare3
                0x00000000       0x1c ..\obj\stm32f4xx_tim.o
 .text.TIM_SetCompare4
                0x00000000       0x1c ..\obj\stm32f4xx_tim.o
 .text.TIM_ForcedOC1Config
                0x00000000       0x38 ..\obj\stm32f4xx_tim.o
 .text.TIM_ForcedOC2Config
                0x00000000       0x3c ..\obj\stm32f4xx_tim.o
 .text.TIM_ForcedOC3Config
                0x00000000       0x38 ..\obj\stm32f4xx_tim.o
 .text.TIM_ForcedOC4Config
                0x00000000       0x3c ..\obj\stm32f4xx_tim.o
 .text.TIM_OC1PreloadConfig
                0x00000000       0x38 ..\obj\stm32f4xx_tim.o
 .text.TIM_OC2PreloadConfig
                0x00000000       0x3c ..\obj\stm32f4xx_tim.o
 .text.TIM_OC3PreloadConfig
                0x00000000       0x38 ..\obj\stm32f4xx_tim.o
 .text.TIM_OC4PreloadConfig
                0x00000000       0x3c ..\obj\stm32f4xx_tim.o
 .text.TIM_OC1FastConfig
                0x00000000       0x38 ..\obj\stm32f4xx_tim.o
 .text.TIM_OC2FastConfig
                0x00000000       0x3c ..\obj\stm32f4xx_tim.o
 .text.TIM_OC3FastConfig
                0x00000000       0x38 ..\obj\stm32f4xx_tim.o
 .text.TIM_OC4FastConfig
                0x00000000       0x3c ..\obj\stm32f4xx_tim.o
 .text.TIM_ClearOC1Ref
                0x00000000       0x38 ..\obj\stm32f4xx_tim.o
 .text.TIM_ClearOC2Ref
                0x00000000       0x3c ..\obj\stm32f4xx_tim.o
 .text.TIM_ClearOC3Ref
                0x00000000       0x38 ..\obj\stm32f4xx_tim.o
 .text.TIM_ClearOC4Ref
                0x00000000       0x3c ..\obj\stm32f4xx_tim.o
 .text.TIM_OC1PolarityConfig
                0x00000000       0x38 ..\obj\stm32f4xx_tim.o
 .text.TIM_OC1NPolarityConfig
                0x00000000       0x38 ..\obj\stm32f4xx_tim.o
 .text.TIM_OC2PolarityConfig
                0x00000000       0x3c ..\obj\stm32f4xx_tim.o
 .text.TIM_OC2NPolarityConfig
                0x00000000       0x3c ..\obj\stm32f4xx_tim.o
 .text.TIM_OC3PolarityConfig
                0x00000000       0x3c ..\obj\stm32f4xx_tim.o
 .text.TIM_OC3NPolarityConfig
                0x00000000       0x3c ..\obj\stm32f4xx_tim.o
 .text.TIM_OC4PolarityConfig
                0x00000000       0x3c ..\obj\stm32f4xx_tim.o
 .text.TIM_CCxCmd
                0x00000000       0x54 ..\obj\stm32f4xx_tim.o
 .text.TIM_CCxNCmd
                0x00000000       0x54 ..\obj\stm32f4xx_tim.o
 .text.TIM_ICInit
                0x00000000       0xa8 ..\obj\stm32f4xx_tim.o
 .text.TIM_ICStructInit
                0x00000000       0x30 ..\obj\stm32f4xx_tim.o
 .text.TIM_PWMIConfig
                0x00000000       0xb8 ..\obj\stm32f4xx_tim.o
 .text.TIM_GetCapture1
                0x00000000       0x18 ..\obj\stm32f4xx_tim.o
 .text.TIM_GetCapture2
                0x00000000       0x18 ..\obj\stm32f4xx_tim.o
 .text.TIM_GetCapture3
                0x00000000       0x18 ..\obj\stm32f4xx_tim.o
 .text.TIM_GetCapture4
                0x00000000       0x18 ..\obj\stm32f4xx_tim.o
 .text.TIM_SetIC1Prescaler
                0x00000000       0x38 ..\obj\stm32f4xx_tim.o
 .text.TIM_SetIC2Prescaler
                0x00000000       0x3c ..\obj\stm32f4xx_tim.o
 .text.TIM_SetIC3Prescaler
                0x00000000       0x38 ..\obj\stm32f4xx_tim.o
 .text.TIM_SetIC4Prescaler
                0x00000000       0x3c ..\obj\stm32f4xx_tim.o
 .text.TIM_BDTRConfig
                0x00000000       0x50 ..\obj\stm32f4xx_tim.o
 .text.TIM_BDTRStructInit
                0x00000000       0x3c ..\obj\stm32f4xx_tim.o
 .text.TIM_CtrlPWMOutputs
                0x00000000       0x4c ..\obj\stm32f4xx_tim.o
 .text.TIM_SelectCOM
                0x00000000       0x40 ..\obj\stm32f4xx_tim.o
 .text.TIM_CCPreloadControl
                0x00000000       0x40 ..\obj\stm32f4xx_tim.o
 .text.TIM_GenerateEvent
                0x00000000       0x1c ..\obj\stm32f4xx_tim.o
 .text.TIM_GetFlagStatus
                0x00000000       0x38 ..\obj\stm32f4xx_tim.o
 .text.TIM_ClearFlag
                0x00000000       0x20 ..\obj\stm32f4xx_tim.o
 .text.TIM_DMAConfig
                0x00000000       0x28 ..\obj\stm32f4xx_tim.o
 .text.TIM_DMACmd
                0x00000000       0x48 ..\obj\stm32f4xx_tim.o
 .text.TIM_SelectCCDMA
                0x00000000       0x40 ..\obj\stm32f4xx_tim.o
 .text.TIM_InternalClockConfig
                0x00000000       0x24 ..\obj\stm32f4xx_tim.o
 .text.TIM_ITRxExternalClockConfig
                0x00000000       0x30 ..\obj\stm32f4xx_tim.o
 .text.TIM_TIxExternalClockConfig
                0x00000000       0x5c ..\obj\stm32f4xx_tim.o
 .text.TIM_ETRClockMode1Config
                0x00000000       0x60 ..\obj\stm32f4xx_tim.o
 .text.TIM_ETRClockMode2Config
                0x00000000       0x40 ..\obj\stm32f4xx_tim.o
 .text.TIM_SelectInputTrigger
                0x00000000       0x38 ..\obj\stm32f4xx_tim.o
 .text.TIM_SelectSlaveMode
                0x00000000       0x38 ..\obj\stm32f4xx_tim.o
 .text.TIM_SelectMasterSlaveMode
                0x00000000       0x38 ..\obj\stm32f4xx_tim.o
 .text.TIM_ETRConfig
                0x00000000       0x54 ..\obj\stm32f4xx_tim.o
 .text.TIM_EncoderInterfaceConfig
                0x00000000       0x98 ..\obj\stm32f4xx_tim.o
 .text.TIM_SelectHallSensor
                0x00000000       0x40 ..\obj\stm32f4xx_tim.o
 .text.TIM_RemapConfig
                0x00000000       0x20 ..\obj\stm32f4xx_tim.o
 .text.TI1_Config
                0x00000000       0x84 ..\obj\stm32f4xx_tim.o
 .text.TI2_Config
                0x00000000       0x98 ..\obj\stm32f4xx_tim.o
 .text.TI3_Config
                0x00000000       0x90 ..\obj\stm32f4xx_tim.o
 .text.TI4_Config
                0x00000000       0x9c ..\obj\stm32f4xx_tim.o
 .data          0x00000000        0x0 c:/program files (x86)/gnu tools arm embedded/5.4 2016q3/bin/../lib/gcc/arm-none-eabi/5.4.1/armv7e-m\libgcc.a(_arm_addsubdf3.o)
 .bss           0x00000000        0x0 c:/program files (x86)/gnu tools arm embedded/5.4 2016q3/bin/../lib/gcc/arm-none-eabi/5.4.1/armv7e-m\libgcc.a(_arm_addsubdf3.o)
 .data          0x00000000        0x0 c:/program files (x86)/gnu tools arm embedded/5.4 2016q3/bin/../lib/gcc/arm-none-eabi/5.4.1/armv7e-m\libgcc.a(_arm_muldivdf3.o)
 .bss           0x00000000        0x0 c:/program files (x86)/gnu tools arm embedded/5.4 2016q3/bin/../lib/gcc/arm-none-eabi/5.4.1/armv7e-m\libgcc.a(_arm_muldivdf3.o)
 .data          0x00000000        0x0 c:/program files (x86)/gnu tools arm embedded/5.4 2016q3/bin/../lib/gcc/arm-none-eabi/5.4.1/armv7e-m\libgcc.a(_arm_cmpdf2.o)
 .bss           0x00000000        0x0 c:/program files (x86)/gnu tools arm embedded/5.4 2016q3/bin/../lib/gcc/arm-none-eabi/5.4.1/armv7e-m\libgcc.a(_arm_cmpdf2.o)
 .data          0x00000000        0x0 c:/program files (x86)/gnu tools arm embedded/5.4 2016q3/bin/../lib/gcc/arm-none-eabi/5.4.1/armv7e-m\libgcc.a(_arm_fixdfsi.o)
 .bss           0x00000000        0x0 c:/program files (x86)/gnu tools arm embedded/5.4 2016q3/bin/../lib/gcc/arm-none-eabi/5.4.1/armv7e-m\libgcc.a(_arm_fixdfsi.o)
 .data          0x00000000        0x0 c:/program files (x86)/gnu tools arm embedded/5.4 2016q3/bin/../lib/gcc/arm-none-eabi/5.4.1/armv7e-m\libgcc.a(_arm_truncdfsf2.o)
 .bss           0x00000000        0x0 c:/program files (x86)/gnu tools arm embedded/5.4 2016q3/bin/../lib/gcc/arm-none-eabi/5.4.1/armv7e-m\libgcc.a(_arm_truncdfsf2.o)
 .data          0x00000000        0x0 c:/program files (x86)/gnu tools arm embedded/5.4 2016q3/bin/../lib/gcc/arm-none-eabi/5.4.1/armv7e-m\libgcc.a(_arm_addsubsf3.o)
 .bss           0x00000000        0x0 c:/program files (x86)/gnu tools arm embedded/5.4 2016q3/bin/../lib/gcc/arm-none-eabi/5.4.1/armv7e-m\libgcc.a(_arm_addsubsf3.o)
 .data          0x00000000        0x0 c:/program files (x86)/gnu tools arm embedded/5.4 2016q3/bin/../lib/gcc/arm-none-eabi/5.4.1/armv7e-m\libgcc.a(_arm_muldivsf3.o)
 .bss           0x00000000        0x0 c:/program files (x86)/gnu tools arm embedded/5.4 2016q3/bin/../lib/gcc/arm-none-eabi/5.4.1/armv7e-m\libgcc.a(_arm_muldivsf3.o)
 .data          0x00000000        0x0 c:/program files (x86)/gnu tools arm embedded/5.4 2016q3/bin/../lib/gcc/arm-none-eabi/5.4.1/armv7e-m\libgcc.a(_arm_cmpsf2.o)
 .bss           0x00000000        0x0 c:/program files (x86)/gnu tools arm embedded/5.4 2016q3/bin/../lib/gcc/arm-none-eabi/5.4.1/armv7e-m\libgcc.a(_arm_cmpsf2.o)
 .data          0x00000000        0x0 c:/program files (x86)/gnu tools arm embedded/5.4 2016q3/bin/../lib/gcc/arm-none-eabi/5.4.1/armv7e-m\libgcc.a(_arm_fixunssfsi.o)
 .bss           0x00000000        0x0 c:/program files (x86)/gnu tools arm embedded/5.4 2016q3/bin/../lib/gcc/arm-none-eabi/5.4.1/armv7e-m\libgcc.a(_arm_fixunssfsi.o)
 .text          0x00000000        0x0 c:/program files (x86)/gnu tools arm embedded/5.4 2016q3/bin/../lib/gcc/arm-none-eabi/5.4.1/../../../../arm-none-eabi/lib/armv7e-m\libg.a(lib_a-malloc.o)
 .data          0x00000000        0x0 c:/program files (x86)/gnu tools arm embedded/5.4 2016q3/bin/../lib/gcc/arm-none-eabi/5.4.1/../../../../arm-none-eabi/lib/armv7e-m\libg.a(lib_a-malloc.o)
 .bss           0x00000000        0x0 c:/program files (x86)/gnu tools arm embedded/5.4 2016q3/bin/../lib/gcc/arm-none-eabi/5.4.1/../../../../arm-none-eabi/lib/armv7e-m\libg.a(lib_a-malloc.o)
 .text.free     0x00000000       0x10 c:/program files (x86)/gnu tools arm embedded/5.4 2016q3/bin/../lib/gcc/arm-none-eabi/5.4.1/../../../../arm-none-eabi/lib/armv7e-m\libg.a(lib_a-malloc.o)
 .text          0x00000000        0x0 c:/program files (x86)/gnu tools arm embedded/5.4 2016q3/bin/../lib/gcc/arm-none-eabi/5.4.1/../../../../arm-none-eabi/lib/armv7e-m\libg.a(lib_a-mallocr.o)
 .data          0x00000000        0x0 c:/program files (x86)/gnu tools arm embedded/5.4 2016q3/bin/../lib/gcc/arm-none-eabi/5.4.1/../../../../arm-none-eabi/lib/armv7e-m\libg.a(lib_a-mallocr.o)
 .bss           0x00000000        0x0 c:/program files (x86)/gnu tools arm embedded/5.4 2016q3/bin/../lib/gcc/arm-none-eabi/5.4.1/../../../../arm-none-eabi/lib/armv7e-m\libg.a(lib_a-mallocr.o)
 .text          0x00000000        0x0 c:/program files (x86)/gnu tools arm embedded/5.4 2016q3/bin/../lib/gcc/arm-none-eabi/5.4.1/../../../../arm-none-eabi/lib/armv7e-m\libg.a(lib_a-mlock.o)
 .data          0x00000000        0x0 c:/program files (x86)/gnu tools arm embedded/5.4 2016q3/bin/../lib/gcc/arm-none-eabi/5.4.1/../../../../arm-none-eabi/lib/armv7e-m\libg.a(lib_a-mlock.o)
 .bss           0x00000000        0x0 c:/program files (x86)/gnu tools arm embedded/5.4 2016q3/bin/../lib/gcc/arm-none-eabi/5.4.1/../../../../arm-none-eabi/lib/armv7e-m\libg.a(lib_a-mlock.o)
 .text          0x00000000        0x0 c:/program files (x86)/gnu tools arm embedded/5.4 2016q3/bin/../lib/gcc/arm-none-eabi/5.4.1/../../../../arm-none-eabi/lib/armv7e-m\libg.a(lib_a-sbrkr.o)
 .data          0x00000000        0x0 c:/program files (x86)/gnu tools arm embedded/5.4 2016q3/bin/../lib/gcc/arm-none-eabi/5.4.1/../../../../arm-none-eabi/lib/armv7e-m\libg.a(lib_a-sbrkr.o)
 .bss           0x00000000        0x0 c:/program files (x86)/gnu tools arm embedded/5.4 2016q3/bin/../lib/gcc/arm-none-eabi/5.4.1/../../../../arm-none-eabi/lib/armv7e-m\libg.a(lib_a-sbrkr.o)
 .text          0x00000000        0x0 c:/program files (x86)/gnu tools arm embedded/5.4 2016q3/bin/../lib/gcc/arm-none-eabi/5.4.1/../../../../arm-none-eabi/lib/armv7e-m\libg.a(lib_a-freer.o)
 .data          0x00000000        0x0 c:/program files (x86)/gnu tools arm embedded/5.4 2016q3/bin/../lib/gcc/arm-none-eabi/5.4.1/../../../../arm-none-eabi/lib/armv7e-m\libg.a(lib_a-freer.o)
 .bss           0x00000000        0x0 c:/program files (x86)/gnu tools arm embedded/5.4 2016q3/bin/../lib/gcc/arm-none-eabi/5.4.1/../../../../arm-none-eabi/lib/armv7e-m\libg.a(lib_a-freer.o)
 .text          0x00000000        0x0 c:/program files (x86)/gnu tools arm embedded/5.4 2016q3/bin/../lib/gcc/arm-none-eabi/5.4.1/../../../../arm-none-eabi/lib/armv7e-m\libg.a(lib_a-impure.o)
 .data          0x00000000        0x0 c:/program files (x86)/gnu tools arm embedded/5.4 2016q3/bin/../lib/gcc/arm-none-eabi/5.4.1/../../../../arm-none-eabi/lib/armv7e-m\libg.a(lib_a-impure.o)
 .bss           0x00000000        0x0 c:/program files (x86)/gnu tools arm embedded/5.4 2016q3/bin/../lib/gcc/arm-none-eabi/5.4.1/../../../../arm-none-eabi/lib/armv7e-m\libg.a(lib_a-impure.o)
 .rodata._global_impure_ptr
                0x00000000        0x4 c:/program files (x86)/gnu tools arm embedded/5.4 2016q3/bin/../lib/gcc/arm-none-eabi/5.4.1/../../../../arm-none-eabi/lib/armv7e-m\libg.a(lib_a-impure.o)
 .text          0x00000000        0x0 c:/program files (x86)/gnu tools arm embedded/5.4 2016q3/bin/../lib/gcc/arm-none-eabi/5.4.1/../../../../arm-none-eabi/lib/armv7e-m\libg.a(lib_a-reent.o)
 .data          0x00000000        0x0 c:/program files (x86)/gnu tools arm embedded/5.4 2016q3/bin/../lib/gcc/arm-none-eabi/5.4.1/../../../../arm-none-eabi/lib/armv7e-m\libg.a(lib_a-reent.o)
 .bss           0x00000000        0x0 c:/program files (x86)/gnu tools arm embedded/5.4 2016q3/bin/../lib/gcc/arm-none-eabi/5.4.1/../../../../arm-none-eabi/lib/armv7e-m\libg.a(lib_a-reent.o)
 .text.cleanup_glue
                0x00000000       0x1c c:/program files (x86)/gnu tools arm embedded/5.4 2016q3/bin/../lib/gcc/arm-none-eabi/5.4.1/../../../../arm-none-eabi/lib/armv7e-m\libg.a(lib_a-reent.o)
 .text._reclaim_reent
                0x00000000       0x88 c:/program files (x86)/gnu tools arm embedded/5.4 2016q3/bin/../lib/gcc/arm-none-eabi/5.4.1/../../../../arm-none-eabi/lib/armv7e-m\libg.a(lib_a-reent.o)

Memory Configuration

Name             Origin             Length             Attributes
rom              0x08000000         0x00100000         xr
ram              0x20000000         0x00020000         xrw
ram1             0x10000000         0x00010000         xrw
*default*        0x00000000         0xffffffff

Linker script and memory map

                0x20020000                _eram = 0x20020000

.text           0x08000000     0x6c27
 *(.isr_vector)
 .isr_vector    0x08000000      0x188 ..\obj\startup_stm32f4xx.o
                0x08000000                g_pfnVectors
 *(.text*)
 .text.SYSCFG_EXTILineConfig
                0x08000188       0x84 ..\obj\stm32f4xx_syscfg.o
                0x08000188                SYSCFG_EXTILineConfig
 .text.delay_init
                0x0800020c       0x34 ..\obj\delay.o
                0x0800020c                delay_init
 .text.delay_ms
                0x08000240       0x28 ..\obj\delay.o
                0x08000240                delay_ms
 .text.delay_us
                0x08000268       0x5c ..\obj\delay.o
                0x08000268                delay_us
 .text.DAC_Init
                0x080002c4       0x64 ..\obj\stm32f4xx_dac.o
                0x080002c4                DAC_Init
 .text.DAC_StructInit
                0x08000328       0x2c ..\obj\stm32f4xx_dac.o
                0x08000328                DAC_StructInit
 .text.DAC_Cmd  0x08000354       0x48 ..\obj\stm32f4xx_dac.o
                0x08000354                DAC_Cmd
 .text.DAC_DMACmd
                0x0800039c       0x4c ..\obj\stm32f4xx_dac.o
                0x0800039c                DAC_DMACmd
 .text.Default_Reset_Handler
                0x080003e8       0x5c ..\obj\startup_stm32f4xx.o
                0x080003e8                Default_Reset_Handler
                0x080003e8                Reset_Handler
 .text.Default_Handler
                0x08000444        0x8 ..\obj\startup_stm32f4xx.o
                0x08000444                RTC_Alarm_IRQHandler
                0x08000444                HASH_RNG_IRQHandler
                0x08000444                EXTI2_IRQHandler
                0x08000444                TIM8_CC_IRQHandler
                0x08000444                DebugMon_Handler
                0x08000444                TIM1_CC_IRQHandler
                0x08000444                DMA2_Stream5_IRQHandler
                0x08000444                HardFault_Handler
                0x08000444                DMA1_Stream5_IRQHandler
                0x08000444                SysTick_Handler
                0x08000444                PVD_IRQHandler
                0x08000444                SDIO_IRQHandler
                0x08000444                TAMP_STAMP_IRQHandler
                0x08000444                PendSV_Handler
                0x08000444                NMI_Handler
                0x08000444                CAN2_RX1_IRQHandler
                0x08000444                EXTI3_IRQHandler
                0x08000444                TIM8_TRG_COM_TIM14_IRQHandler
                0x08000444                TIM1_UP_TIM10_IRQHandler
                0x08000444                TIM8_UP_TIM13_IRQHandler
                0x08000444                I2C3_ER_IRQHandler
                0x08000444                EXTI0_IRQHandler
                0x08000444                I2C2_EV_IRQHandler
                0x08000444                DMA1_Stream2_IRQHandler
                0x08000444                CAN1_RX0_IRQHandler
                0x08000444                FPU_IRQHandler
                0x08000444                OTG_HS_WKUP_IRQHandler
                0x08000444                UsageFault_Handler
                0x08000444                CAN2_SCE_IRQHandler
                0x08000444                DMA2_Stream2_IRQHandler
                0x08000444                SPI1_IRQHandler
                0x08000444                TIM6_DAC_IRQHandler
                0x08000444                TIM1_BRK_TIM9_IRQHandler
                0x08000444                DCMI_IRQHandler
                0x08000444                CAN2_RX0_IRQHandler
                0x08000444                DMA2_Stream3_IRQHandler
                0x08000444                USART6_IRQHandler
                0x08000444                USART3_IRQHandler
                0x08000444                CRYP_IRQHandler
                0x08000444                CAN1_RX1_IRQHandler
                0x08000444                UART5_IRQHandler
                0x08000444                DMA2_Stream0_IRQHandler
                0x08000444                TIM4_IRQHandler
                0x08000444                I2C1_EV_IRQHandler
                0x08000444                DMA1_Stream6_IRQHandler
                0x08000444                DMA1_Stream1_IRQHandler
                0x08000444                UART4_IRQHandler
                0x08000444                RCC_IRQHandler
                0x08000444                TIM8_BRK_TIM12_IRQHandler
                0x08000444                EXTI15_10_IRQHandler
                0x08000444                ADC_IRQHandler
                0x08000444                DMA1_Stream7_IRQHandler
                0x08000444                CAN2_TX_IRQHandler
                0x08000444                DMA2_Stream7_IRQHandler
                0x08000444                I2C3_EV_IRQHandler
                0x08000444                RTC_WKUP_IRQHandler
                0x08000444                ETH_WKUP_IRQHandler
                0x08000444                SPI2_IRQHandler
                0x08000444                OTG_HS_EP1_IN_IRQHandler
                0x08000444                MemManage_Handler
                0x08000444                DMA1_Stream0_IRQHandler
                0x08000444                CAN1_TX_IRQHandler
                0x08000444                SVC_Handler
                0x08000444                EXTI4_IRQHandler
                0x08000444                FSMC_IRQHandler
                0x08000444                ETH_IRQHandler
                0x08000444                OTG_HS_EP1_OUT_IRQHandler
                0x08000444                WWDG_IRQHandler
                0x08000444                TIM2_IRQHandler
                0x08000444                OTG_FS_WKUP_IRQHandler
                0x08000444                TIM1_TRG_COM_TIM11_IRQHandler
                0x08000444                OTG_HS_IRQHandler
                0x08000444                EXTI1_IRQHandler
                0x08000444                USART2_IRQHandler
                0x08000444                I2C2_ER_IRQHandler
                0x08000444                DMA2_Stream1_IRQHandler
                0x08000444                CAN1_SCE_IRQHandler
                0x08000444                FLASH_IRQHandler
                0x08000444                DMA2_Stream4_IRQHandler
                0x08000444                BusFault_Handler
                0x08000444                USART1_IRQHandler
                0x08000444                OTG_FS_IRQHandler
                0x08000444                SPI3_IRQHandler
                0x08000444                DMA1_Stream4_IRQHandler
                0x08000444                I2C1_ER_IRQHandler
                0x08000444                DMA2_Stream6_IRQHandler
                0x08000444                DMA1_Stream3_IRQHandler
 .text.Init_GPIO
                0x0800044c       0xd4 ..\obj\main.o
                0x0800044c                Init_GPIO
 .text.Init_TIM_display
                0x08000520       0x50 ..\obj\main.o
                0x08000520                Init_TIM_display
 .text.Init_NVIC_display
                0x08000570       0x30 ..\obj\main.o
                0x08000570                Init_NVIC_display
 .text.TIM3_IRQHandler
                0x080005a0       0x7c ..\obj\main.o
                0x080005a0                TIM3_IRQHandler
 .text.TIM5_IRQHandler
                0x0800061c      0x144 ..\obj\main.o
                0x0800061c                TIM5_IRQHandler
 .text.EXTI9_5_IRQHandler
                0x08000760       0x78 ..\obj\main.o
                0x08000760                EXTI9_5_IRQHandler
 .text.Init_debouncer
                0x080007d8       0x6c ..\obj\main.o
                0x080007d8                Init_debouncer
 .text.Init_NVIC_diodes
                0x08000844       0x6c ..\obj\main.o
                0x08000844                Init_NVIC_diodes
 .text.Init_NVIC
                0x080008b0       0x70 ..\obj\main.o
                0x080008b0                Init_NVIC
 .text.Init_DMA
                0x08000920       0x94 ..\obj\main.o
                0x08000920                Init_DMA
 .text.Init_DAC
                0x080009b4       0x38 ..\obj\main.o
                0x080009b4                Init_DAC
 .text.Init_TimerForTriggerDAC
                0x080009ec       0x40 ..\obj\main.o
                0x080009ec                Init_TimerForTriggerDAC
 .text.Init_ADC
                0x08000a2c       0x68 ..\obj\main.o
                0x08000a2c                Init_ADC
 .text.play     0x08000a94      0x230 ..\obj\main.o
                0x08000a94                play
 .text.main     0x08000cc4      0x1a4 ..\obj\main.o
                0x08000cc4                main
 .text.RCC_AHB1PeriphClockCmd
                0x08000e68       0x3c ..\obj\stm32f4xx_rcc.o
                0x08000e68                RCC_AHB1PeriphClockCmd
 .text.RCC_APB1PeriphClockCmd
                0x08000ea4       0x3c ..\obj\stm32f4xx_rcc.o
                0x08000ea4                RCC_APB1PeriphClockCmd
 .text.RCC_APB2PeriphClockCmd
                0x08000ee0       0x3c ..\obj\stm32f4xx_rcc.o
                0x08000ee0                RCC_APB2PeriphClockCmd
 .text.ADC_Init
                0x08000f1c       0xa8 ..\obj\stm32f4xx_adc.o
                0x08000f1c                ADC_Init
 .text.ADC_CommonInit
                0x08000fc4       0x50 ..\obj\stm32f4xx_adc.o
                0x08000fc4                ADC_CommonInit
 .text.ADC_Cmd  0x08001014       0x38 ..\obj\stm32f4xx_adc.o
                0x08001014                ADC_Cmd
 .text.ADC_RegularChannelConfig
                0x0800104c      0x194 ..\obj\stm32f4xx_adc.o
                0x0800104c                ADC_RegularChannelConfig
 .text.ADC_SoftwareStartConv
                0x080011e0       0x20 ..\obj\stm32f4xx_adc.o
                0x080011e0                ADC_SoftwareStartConv
 .text.ADC_GetConversionValue
                0x08001200       0x18 ..\obj\stm32f4xx_adc.o
                0x08001200                ADC_GetConversionValue
 .text.ADC_GetFlagStatus
                0x08001218       0x34 ..\obj\stm32f4xx_adc.o
                0x08001218                ADC_GetFlagStatus
 .text.PokazKreski
                0x0800124c       0x34 ..\obj\display.o
                0x0800124c                PokazKreski
 .text.WyswietlLiczbeCalkowita
                0x08001280      0x158 ..\obj\display.o
                0x08001280                WyswietlLiczbeCalkowita
 .text.Display_Real_Number
                0x080013d8      0x394 ..\obj\display.o
                0x080013d8                Display_Real_Number
 .text.absf     0x0800176c       0x2c ..\obj\display.o
                0x0800176c                absf
 .text.scale_time
                0x08001798      0x2d4 ..\obj\display.o
                0x08001798                scale_time
 .text.TIM7_IRQHandler
                0x08001a6c       0x80 ..\obj\display.o
                0x08001a6c                TIM7_IRQHandler
 .text.SELECT   0x08001aec       0x20 ..\obj\spi_sd.o
 .text.DESELECT
                0x08001b0c       0x20 ..\obj\spi_sd.o
 .text.SPI_SD_Init
                0x08001b2c       0xf8 ..\obj\spi_sd.o
                0x08001b2c                SPI_SD_Init
 .text.xmit_spi
                0x08001c24       0x4c ..\obj\spi_sd.o
 .text.rcvr_spi
                0x08001c70       0x5c ..\obj\spi_sd.o
 .text.rcvr_spi_m
                0x08001ccc       0x1c ..\obj\spi_sd.o
 .text.wait_ready
                0x08001ce8       0x38 ..\obj\spi_sd.o
 .text.power_on
                0x08001d20       0x34 ..\obj\spi_sd.o
 .text.power_off
                0x08001d54       0x18 ..\obj\spi_sd.o
 .text.chk_power
                0x08001d6c       0x14 ..\obj\spi_sd.o
 .text.rcvr_datablock
                0x08001d80       0x6c ..\obj\spi_sd.o
 .text.xmit_datablock
                0x08001dec       0xa8 ..\obj\spi_sd.o
 .text.send_cmd
                0x08001e94       0xa4 ..\obj\spi_sd.o
 .text.disk_initialize
                0x08001f38      0x1d4 ..\obj\spi_sd.o
                0x08001f38                disk_initialize
 .text.disk_status
                0x0800210c       0x28 ..\obj\spi_sd.o
                0x0800210c                disk_status
 .text.disk_read
                0x08002134       0xd8 ..\obj\spi_sd.o
                0x08002134                disk_read
 .text.disk_write
                0x0800220c      0x110 ..\obj\spi_sd.o
                0x0800220c                disk_write
 .text.disk_ioctl
                0x0800231c      0x260 ..\obj\spi_sd.o
                0x0800231c                disk_ioctl
 .text.get_fattime
                0x0800257c       0x14 ..\obj\spi_sd.o
                0x0800257c                get_fattime
 .text.GPIO_Init
                0x08002590      0x11c ..\obj\stm32f4xx_gpio.o
                0x08002590                GPIO_Init
 .text.GPIO_SetBits
                0x080026ac       0x1c ..\obj\stm32f4xx_gpio.o
                0x080026ac                GPIO_SetBits
 .text.GPIO_ResetBits
                0x080026c8       0x1c ..\obj\stm32f4xx_gpio.o
                0x080026c8                GPIO_ResetBits
 .text.GPIO_ToggleBits
                0x080026e4       0x24 ..\obj\stm32f4xx_gpio.o
                0x080026e4                GPIO_ToggleBits
 .text.GPIO_PinAFConfig
                0x08002708       0x90 ..\obj\stm32f4xx_gpio.o
                0x08002708                GPIO_PinAFConfig
 .text.add_last
                0x08002798       0x58 ..\obj\list.o
                0x08002798                add_last
 .text.SystemInit
                0x080027f0       0x5c ..\obj\system_stm32f4xx.o
                0x080027f0                SystemInit
 .text.SetSysClock
                0x0800284c       0xf4 ..\obj\system_stm32f4xx.o
 .text._sbrk    0x08002940       0x3c ..\obj\syscalls.o
                0x08002940                _sbrk
 .text.DMA_DeInit
                0x0800297c      0x1a4 ..\obj\stm32f4xx_dma.o
                0x0800297c                DMA_DeInit
 .text.DMA_Init
                0x08002b20       0xac ..\obj\stm32f4xx_dma.o
                0x08002b20                DMA_Init
 .text.DMA_Cmd  0x08002bcc       0x38 ..\obj\stm32f4xx_dma.o
                0x08002bcc                DMA_Cmd
 .text.DMA_GetFlagStatus
                0x08002c04       0x74 ..\obj\stm32f4xx_dma.o
                0x08002c04                DMA_GetFlagStatus
 .text.DMA_ClearFlag
                0x08002c78       0x5c ..\obj\stm32f4xx_dma.o
                0x08002c78                DMA_ClearFlag
 .text.ld_word  0x08002cd4       0x30 ..\obj\ff.o
 .text.ld_dword
                0x08002d04       0x44 ..\obj\ff.o
 .text.st_word  0x08002d48       0x34 ..\obj\ff.o
 .text.st_dword
                0x08002d7c       0x58 ..\obj\ff.o
 .text.mem_cpy  0x08002dd4       0x40 ..\obj\ff.o
 .text.mem_set  0x08002e14       0x34 ..\obj\ff.o
 .text.mem_cmp  0x08002e48       0x4c ..\obj\ff.o
 .text.chk_chr  0x08002e94       0x34 ..\obj\ff.o
 .text.sync_window
                0x08002ec8       0x88 ..\obj\ff.o
 .text.move_window
                0x08002f50       0x5c ..\obj\ff.o
 .text.sync_fs  0x08002fac       0xdc ..\obj\ff.o
 .text.clust2sect
                0x08003088       0x3c ..\obj\ff.o
 .text.get_fat  0x080030c4      0x148 ..\obj\ff.o
 .text.put_fat  0x0800320c      0x1c4 ..\obj\ff.o
 .text.remove_chain
                0x080033d0       0xc8 ..\obj\ff.o
 .text.create_chain
                0x08003498      0x130 ..\obj\ff.o
 .text.dir_sdi  0x080035c8       0xf8 ..\obj\ff.o
 .text.dir_next
                0x080036c0      0x188 ..\obj\ff.o
 .text.dir_alloc
                0x08003848       0x90 ..\obj\ff.o
 .text.ld_clust
                0x080038d8       0x40 ..\obj\ff.o
 .text.st_clust
                0x08003918       0x40 ..\obj\ff.o
 .text.dir_read
                0x08003958       0xbc ..\obj\ff.o
 .text.dir_find
                0x08003a14       0xac ..\obj\ff.o
 .text.dir_register
                0x08003ac0       0x64 ..\obj\ff.o
 .text.get_fileinfo
                0x08003b24       0xc8 ..\obj\ff.o
 .text.create_name
                0x08003bec      0x188 ..\obj\ff.o
 .text.follow_path
                0x08003d74       0xe4 ..\obj\ff.o
 .text.get_ldnumber
                0x08003e58       0x88 ..\obj\ff.o
 .text.check_fs
                0x08003ee0       0x88 ..\obj\ff.o
 .text.find_volume
                0x08003f68      0x494 ..\obj\ff.o
 .text.validate
                0x080043fc       0x6c ..\obj\ff.o
 .text.f_mount  0x08004468       0x88 ..\obj\ff.o
                0x08004468                f_mount
 .text.f_open   0x080044f0      0x238 ..\obj\ff.o
                0x080044f0                f_open
 .text.f_read   0x08004728      0x268 ..\obj\ff.o
                0x08004728                f_read
 .text.f_sync   0x08004990       0xfc ..\obj\ff.o
                0x08004990                f_sync
 .text.f_close  0x08004a8c       0x40 ..\obj\ff.o
                0x08004a8c                f_close
 .text.f_lseek  0x08004acc      0x25c ..\obj\ff.o
                0x08004acc                f_lseek
 .text.f_opendir
                0x08004d28       0xc0 ..\obj\ff.o
                0x08004d28                f_opendir
 .text.f_readdir
                0x08004de8       0x80 ..\obj\ff.o
                0x08004de8                f_readdir
 .text.SPI_Init
                0x08004e68       0x88 ..\obj\stm32f4xx_spi.o
                0x08004e68                SPI_Init
 .text.SPI_Cmd  0x08004ef0       0x40 ..\obj\stm32f4xx_spi.o
                0x08004ef0                SPI_Cmd
 .text.SPI_CalculateCRC
                0x08004f30       0x40 ..\obj\stm32f4xx_spi.o
                0x08004f30                SPI_CalculateCRC
 .text.EXTI_Init
                0x08004f70       0xe4 ..\obj\stm32f4xx_exti.o
                0x08004f70                EXTI_Init
 .text.EXTI_GetITStatus
                0x08005054       0x48 ..\obj\stm32f4xx_exti.o
                0x08005054                EXTI_GetITStatus
 .text.EXTI_ClearITPendingBit
                0x0800509c       0x1c ..\obj\stm32f4xx_exti.o
                0x0800509c                EXTI_ClearITPendingBit
 .text.NVIC_PriorityGroupConfig
                0x080050b8       0x24 ..\obj\misc.o
                0x080050b8                NVIC_PriorityGroupConfig
 .text.NVIC_Init
                0x080050dc       0xc0 ..\obj\misc.o
                0x080050dc                NVIC_Init
 .text.NVIC_SystemLPConfig
                0x0800519c       0x40 ..\obj\misc.o
                0x0800519c                NVIC_SystemLPConfig
 .text.TIM_TimeBaseInit
                0x080051dc       0xd4 ..\obj\stm32f4xx_tim.o
                0x080051dc                TIM_TimeBaseInit
 .text.TIM_SetCounter
                0x080052b0       0x1c ..\obj\stm32f4xx_tim.o
                0x080052b0                TIM_SetCounter
 .text.TIM_Cmd  0x080052cc       0x40 ..\obj\stm32f4xx_tim.o
                0x080052cc                TIM_Cmd
 .text.TIM_ITConfig
                0x0800530c       0x48 ..\obj\stm32f4xx_tim.o
                0x0800530c                TIM_ITConfig
 .text.TIM_GetITStatus
                0x08005354       0x54 ..\obj\stm32f4xx_tim.o
                0x08005354                TIM_GetITStatus
 .text.TIM_ClearITPendingBit
                0x080053a8       0x20 ..\obj\stm32f4xx_tim.o
                0x080053a8                TIM_ClearITPendingBit
 .text.TIM_SelectOutputTrigger
                0x080053c8       0x38 ..\obj\stm32f4xx_tim.o
                0x080053c8                TIM_SelectOutputTrigger
 .text          0x08005400      0x370 c:/program files (x86)/gnu tools arm embedded/5.4 2016q3/bin/../lib/gcc/arm-none-eabi/5.4.1/armv7e-m\libgcc.a(_arm_addsubdf3.o)
                0x08005400                __aeabi_drsub
                0x08005408                __aeabi_dsub
                0x08005408                __subdf3
                0x0800540c                __aeabi_dadd
                0x0800540c                __adddf3
                0x08005684                __floatunsidf
                0x08005684                __aeabi_ui2d
                0x080056a4                __floatsidf
                0x080056a4                __aeabi_i2d
                0x080056c8                __aeabi_f2d
                0x080056c8                __extendsfdf2
                0x08005704                __floatundidf
                0x08005704                __aeabi_ul2d
                0x08005714                __floatdidf
                0x08005714                __aeabi_l2d
 .text          0x08005770      0x424 c:/program files (x86)/gnu tools arm embedded/5.4 2016q3/bin/../lib/gcc/arm-none-eabi/5.4.1/armv7e-m\libgcc.a(_arm_muldivdf3.o)
                0x08005770                __aeabi_dmul
                0x08005770                __muldf3
                0x080059c4                __divdf3
                0x080059c4                __aeabi_ddiv
 .text          0x08005b94      0x110 c:/program files (x86)/gnu tools arm embedded/5.4 2016q3/bin/../lib/gcc/arm-none-eabi/5.4.1/armv7e-m\libgcc.a(_arm_cmpdf2.o)
                0x08005b94                __gtdf2
                0x08005b94                __gedf2
                0x08005b9c                __ltdf2
                0x08005b9c                __ledf2
                0x08005ba4                __nedf2
                0x08005ba4                __eqdf2
                0x08005ba4                __cmpdf2
                0x08005c20                __aeabi_cdrcmple
                0x08005c30                __aeabi_cdcmpeq
                0x08005c30                __aeabi_cdcmple
                0x08005c40                __aeabi_dcmpeq
                0x08005c54                __aeabi_dcmplt
                0x08005c68                __aeabi_dcmple
                0x08005c7c                __aeabi_dcmpge
                0x08005c90                __aeabi_dcmpgt
 .text          0x08005ca4       0x50 c:/program files (x86)/gnu tools arm embedded/5.4 2016q3/bin/../lib/gcc/arm-none-eabi/5.4.1/armv7e-m\libgcc.a(_arm_fixdfsi.o)
                0x08005ca4                __aeabi_d2iz
                0x08005ca4                __fixdfsi
 .text          0x08005cf4       0xa0 c:/program files (x86)/gnu tools arm embedded/5.4 2016q3/bin/../lib/gcc/arm-none-eabi/5.4.1/armv7e-m\libgcc.a(_arm_truncdfsf2.o)
                0x08005cf4                __truncdfsf2
                0x08005cf4                __aeabi_d2f
 .text          0x08005d94      0x21c c:/program files (x86)/gnu tools arm embedded/5.4 2016q3/bin/../lib/gcc/arm-none-eabi/5.4.1/armv7e-m\libgcc.a(_arm_addsubsf3.o)
                0x08005d94                __aeabi_frsub
                0x08005d9c                __subsf3
                0x08005d9c                __aeabi_fsub
                0x08005da0                __aeabi_fadd
                0x08005da0                __addsf3
                0x08005f00                __aeabi_ui2f
                0x08005f00                __floatunsisf
                0x08005f08                __aeabi_i2f
                0x08005f08                __floatsisf
                0x08005f24                __aeabi_ul2f
                0x08005f24                __floatundisf
                0x08005f34                __aeabi_l2f
                0x08005f34                __floatdisf
 .text          0x08005fb0      0x2a0 c:/program files (x86)/gnu tools arm embedded/5.4 2016q3/bin/../lib/gcc/arm-none-eabi/5.4.1/armv7e-m\libgcc.a(_arm_muldivsf3.o)
                0x08005fb0                __mulsf3
                0x08005fb0                __aeabi_fmul
                0x08006118                __aeabi_fdiv
                0x08006118                __divsf3
 .text          0x08006250       0xec c:/program files (x86)/gnu tools arm embedded/5.4 2016q3/bin/../lib/gcc/arm-none-eabi/5.4.1/armv7e-m\libgcc.a(_arm_cmpsf2.o)
                0x08006250                __gesf2
                0x08006250                __gtsf2
                0x08006258                __lesf2
                0x08006258                __ltsf2
                0x08006260                __nesf2
                0x08006260                __eqsf2
                0x08006260                __cmpsf2
                0x080062c0                __aeabi_cfrcmple
                0x080062c8                __aeabi_cfcmpeq
                0x080062c8                __aeabi_cfcmple
                0x080062d8                __aeabi_fcmpeq
                0x080062ec                __aeabi_fcmplt
                0x08006300                __aeabi_fcmple
                0x08006314                __aeabi_fcmpge
                0x08006328                __aeabi_fcmpgt
 .text          0x0800633c       0x40 c:/program files (x86)/gnu tools arm embedded/5.4 2016q3/bin/../lib/gcc/arm-none-eabi/5.4.1/armv7e-m\libgcc.a(_arm_fixunssfsi.o)
                0x0800633c                __fixunssfsi
                0x0800633c                __aeabi_f2uiz
 .text.malloc   0x0800637c       0x10 c:/program files (x86)/gnu tools arm embedded/5.4 2016q3/bin/../lib/gcc/arm-none-eabi/5.4.1/../../../../arm-none-eabi/lib/armv7e-m\libg.a(lib_a-malloc.o)
                0x0800637c                malloc
 .text._malloc_r
                0x0800638c      0x570 c:/program files (x86)/gnu tools arm embedded/5.4 2016q3/bin/../lib/gcc/arm-none-eabi/5.4.1/../../../../arm-none-eabi/lib/armv7e-m\libg.a(lib_a-mallocr.o)
                0x0800638c                _malloc_r
 .text.__malloc_lock
                0x080068fc        0x4 c:/program files (x86)/gnu tools arm embedded/5.4 2016q3/bin/../lib/gcc/arm-none-eabi/5.4.1/../../../../arm-none-eabi/lib/armv7e-m\libg.a(lib_a-mlock.o)
                0x080068fc                __malloc_lock
 .text.__malloc_unlock
                0x08006900        0x4 c:/program files (x86)/gnu tools arm embedded/5.4 2016q3/bin/../lib/gcc/arm-none-eabi/5.4.1/../../../../arm-none-eabi/lib/armv7e-m\libg.a(lib_a-mlock.o)
                0x08006900                __malloc_unlock
 .text._sbrk_r  0x08006904       0x24 c:/program files (x86)/gnu tools arm embedded/5.4 2016q3/bin/../lib/gcc/arm-none-eabi/5.4.1/../../../../arm-none-eabi/lib/armv7e-m\libg.a(lib_a-sbrkr.o)
                0x08006904                _sbrk_r
 .text._malloc_trim_r
                0x08006928       0x9c c:/program files (x86)/gnu tools arm embedded/5.4 2016q3/bin/../lib/gcc/arm-none-eabi/5.4.1/../../../../arm-none-eabi/lib/armv7e-m\libg.a(lib_a-freer.o)
                0x08006928                _malloc_trim_r
 .text._free_r  0x080069c4      0x1d0 c:/program files (x86)/gnu tools arm embedded/5.4 2016q3/bin/../lib/gcc/arm-none-eabi/5.4.1/../../../../arm-none-eabi/lib/armv7e-m\libg.a(lib_a-freer.o)
                0x080069c4                _free_r
 *(.init)
 *(.fini)
 *crtbegin.o(.ctors)
 *crtbegin?.o(.ctors)
 *(EXCLUDE_FILE(*crtend.o *crtend?.o) .ctors)
 *(SORT(.ctors.*))
 *(.ctors)
 *crtbegin.o(.dtors)
 *crtbegin?.o(.dtors)
 *(EXCLUDE_FILE(*crtend.o *crtend?.o) .dtors)
 *(SORT(.dtors.*))
 *(.dtors)
 *(.rodata*)
 .rodata        0x08006b94        0x2 ..\obj\main.o
 *fill*         0x08006b96        0x2 
 .rodata        0x08006b98       0x8f ..\obj\ff.o
 *(.eh_fram e*)

.glue_7         0x08006c28        0x0
 .glue_7        0x08006c28        0x0 linker stubs

.glue_7t        0x08006c28        0x0
 .glue_7t       0x08006c28        0x0 linker stubs

.vfp11_veneer   0x08006c28        0x0
 .vfp11_veneer  0x08006c28        0x0 linker stubs

.v4_bx          0x08006c28        0x0
 .v4_bx         0x08006c28        0x0 linker stubs

.iplt           0x08006c28        0x0
 .iplt          0x08006c28        0x0 ..\obj\stm32f4xx_syscfg.o

.rel.dyn        0x08006c28        0x0
 .rel.iplt      0x08006c28        0x0 ..\obj\stm32f4xx_syscfg.o

.ARM.extab
 *(.ARM.extab* .gnu.linkonce.armextab.*)
                0x08006c28                __exidx_start = .

.ARM.exidx
 *(.ARM.exidx* .gnu.linkonce.armexidx.*)
                0x08006c28                __exidx_end = .
                0x08006c28                __etext = .
                0x08006c27                _sidata = __etext

.data           0x20000000      0x8b4 load address 0x08006c27
                0x20000000                __data_start__ = .
                0x20000000                _sdata = __data_start__
 *(vtable)
 *(.data*)
 .data          0x20000000        0x1 ..\obj\main.o
                0x20000000                nr_switch
 *fill*         0x20000001        0x3 
 .data          0x20000004       0x6c ..\obj\display.o
                0x20000004                cyfry
                0x20000050                numery_cyfr
                0x20000060                cyfry_wyswietl
 .data          0x20000070        0x1 ..\obj\spi_sd.o
 *fill*         0x20000071        0x3 
 .data.__malloc_av_
                0x20000074      0x408 c:/program files (x86)/gnu tools arm embedded/5.4 2016q3/bin/../lib/gcc/arm-none-eabi/5.4.1/../../../../arm-none-eabi/lib/armv7e-m\libg.a(lib_a-mallocr.o)
                0x20000074                __malloc_av_
 .data.__malloc_trim_threshold
                0x2000047c        0x4 c:/program files (x86)/gnu tools arm embedded/5.4 2016q3/bin/../lib/gcc/arm-none-eabi/5.4.1/../../../../arm-none-eabi/lib/armv7e-m\libg.a(lib_a-mallocr.o)
                0x2000047c                __malloc_trim_threshold
 .data.__malloc_sbrk_base
                0x20000480        0x4 c:/program files (x86)/gnu tools arm embedded/5.4 2016q3/bin/../lib/gcc/arm-none-eabi/5.4.1/../../../../arm-none-eabi/lib/armv7e-m\libg.a(lib_a-mallocr.o)
                0x20000480                __malloc_sbrk_base
 *fill*         0x20000484        0x4 
 .data.impure_data
                0x20000488      0x428 c:/program files (x86)/gnu tools arm embedded/5.4 2016q3/bin/../lib/gcc/arm-none-eabi/5.4.1/../../../../arm-none-eabi/lib/armv7e-m\libg.a(lib_a-impure.o)
 .data._impure_ptr
                0x200008b0        0x4 c:/program files (x86)/gnu tools arm embedded/5.4 2016q3/bin/../lib/gcc/arm-none-eabi/5.4.1/../../../../arm-none-eabi/lib/armv7e-m\libg.a(lib_a-impure.o)
                0x200008b0                _impure_ptr
                0x200008b4                . = ALIGN (0x4)
                [!provide]                PROVIDE (__preinit_array_start, .)
 *(.preinit_array)
                [!provide]                PROVIDE (__preinit_array_end, .)
                0x200008b4                . = ALIGN (0x4)
                [!provide]                PROVIDE (__init_array_start, .)
 *(SORT(.init_array.*))
 *(.init_array)
                [!provide]                PROVIDE (__init_array_end, .)
                0x200008b4                . = ALIGN (0x4)
                [!provide]                PROVIDE (__fini_array_start, .)
 *(SORT(.fini_array.*))
 *(.fini_array)
                [!provide]                PROVIDE (__fini_array_end, .)
 *(.jcr*)
                0x200008b4                . = ALIGN (0x4)
                0x200008b4                __data_end__ = .
                0x200008b4                _edata = __data_end__

.igot.plt       0x200008b4        0x0 load address 0x080074dc
 .igot.plt      0x200008b4        0x0 ..\obj\stm32f4xx_syscfg.o

.bss            0x200008b8      0x718 load address 0x080074e0
                0x200008b8                . = ALIGN (0x4)
                0x200008b8                __bss_start__ = .
                0x200008b8                _sbss = __bss_start__
 *(.bss*)
 .bss           0x200008b8        0x1 ..\obj\delay.o
 *fill*         0x200008b9        0x7 
 .bss           0x200008c0       0x28 ..\obj\main.o
                0x200008c0                b
                0x200008c4                change
                0x200008c8                nr_track
                0x200008cc                stop
                0x200008d0                time
                0x200008d8                tp
                0x200008dc                volume
                0x200008e0                first
                0x200008e4                last
 .bss           0x200008e8        0x4 ..\obj\display.o
                0x200008e8                id
 .bss           0x200008ec        0x4 ..\obj\spi_sd.o
 .bss           0x200008f0        0x4 ..\obj\syscalls.o
 .bss           0x200008f4        0x6 ..\obj\ff.o
 *fill*         0x200008fa        0x2 
 .bss.__malloc_max_total_mem
                0x200008fc        0x4 c:/program files (x86)/gnu tools arm embedded/5.4 2016q3/bin/../lib/gcc/arm-none-eabi/5.4.1/../../../../arm-none-eabi/lib/armv7e-m\libg.a(lib_a-mallocr.o)
                0x200008fc                __malloc_max_total_mem
 .bss.__malloc_max_sbrked_mem
                0x20000900        0x4 c:/program files (x86)/gnu tools arm embedded/5.4 2016q3/bin/../lib/gcc/arm-none-eabi/5.4.1/../../../../arm-none-eabi/lib/armv7e-m\libg.a(lib_a-mallocr.o)
                0x20000900                __malloc_max_sbrked_mem
 .bss.__malloc_top_pad
                0x20000904        0x4 c:/program files (x86)/gnu tools arm embedded/5.4 2016q3/bin/../lib/gcc/arm-none-eabi/5.4.1/../../../../arm-none-eabi/lib/armv7e-m\libg.a(lib_a-mallocr.o)
                0x20000904                __malloc_top_pad
 .bss.__malloc_current_mallinfo
                0x20000908       0x28 c:/program files (x86)/gnu tools arm embedded/5.4 2016q3/bin/../lib/gcc/arm-none-eabi/5.4.1/../../../../arm-none-eabi/lib/armv7e-m\libg.a(lib_a-mallocr.o)
                0x20000908                __malloc_current_mallinfo
 *(COMMON)
 COMMON         0x20000930      0x699 ..\obj\main.o
                0x20000930                fileInfo
                0x20000948                file
                0x20000b70                DAC_Buff
                0x20000d70                current
                0x20000d74                Dir
                0x20000d98                filesystem
                0x20000fc8                fresult
 *fill*         0x20000fc9        0x3 
 COMMON         0x20000fcc        0x4 c:/program files (x86)/gnu tools arm embedded/5.4 2016q3/bin/../lib/gcc/arm-none-eabi/5.4.1/../../../../arm-none-eabi/lib/armv7e-m\libg.a(lib_a-reent.o)
                0x20000fcc                errno
                0x20000fd0                . = ALIGN (0x4)
                0x20000fd0                __bss_end__ = .
                0x20000fd0                _ebss = __bss_end__

.heap           0x20000fd0        0x0
                0x20000fd0                __end__ = .
                0x20000fd0                _end = __end__
                0x20000fd0                end = __end__
 *(.heap*)
                0x20000fd0                __HeapLimit = .

.co_stack       0x20000fd0      0x800 load address 0x08007bf8
                0x20000fd0                . = ALIGN (0x8)
 *(.co_stack .co_stack.*)
 .co_stack      0x20000fd0      0x800 ..\obj\startup_stm32f4xx.o
                0x20000fd0                pulStack
                0x20020000                __StackTop = (ORIGIN (ram) + LENGTH (ram))
                0x2001f800                __StackLimit = (__StackTop - SIZEOF (.co_stack))
                [!provide]                PROVIDE (__stack, __StackTop)
                0x00000001                ASSERT ((__StackLimit >= __HeapLimit), region ram  overflowed with stack)
LOAD ..\obj\stm32f4xx_syscfg.o
LOAD ..\obj\delay.o
LOAD ..\obj\stm32f4xx_dac.o
LOAD ..\obj\startup_stm32f4xx.o
LOAD ..\obj\main.o
LOAD ..\obj\stm32f4xx_rcc.o
LOAD ..\obj\stm32f4xx_adc.o
LOAD ..\obj\display.o
LOAD ..\obj\spi_sd.o
LOAD ..\obj\stm32f4xx_gpio.o
LOAD ..\obj\list.o
LOAD ..\obj\system_stm32f4xx.o
LOAD ..\obj\syscalls.o
LOAD ..\obj\stm32f4xx_dma.o
LOAD ..\obj\ff.o
LOAD ..\obj\stm32f4xx_spi.o
LOAD ..\obj\stm32f4xx_exti.o
LOAD ..\obj\misc.o
LOAD ..\obj\stm32f4xx_tim.o
START GROUP
LOAD c:/program files (x86)/gnu tools arm embedded/5.4 2016q3/bin/../lib/gcc/arm-none-eabi/5.4.1/armv7e-m\libgcc.a
LOAD c:/program files (x86)/gnu tools arm embedded/5.4 2016q3/bin/../lib/gcc/arm-none-eabi/5.4.1/../../../../arm-none-eabi/lib/armv7e-m\libg.a
LOAD c:/program files (x86)/gnu tools arm embedded/5.4 2016q3/bin/../lib/gcc/arm-none-eabi/5.4.1/../../../../arm-none-eabi/lib/armv7e-m\libc.a
END GROUP
OUTPUT(WAV_player.elf elf32-littlearm)

.debug_info     0x00000000     0xa9e4
 .debug_info    0x00000000      0x274 ..\obj\stm32f4xx_syscfg.o
 .debug_info    0x00000274      0x1b5 ..\obj\delay.o
 .debug_info    0x00000429      0x642 ..\obj\stm32f4xx_dac.o
 .debug_info    0x00000a6b       0xf2 ..\obj\startup_stm32f4xx.o
 .debug_info    0x00000b5d     0x1310 ..\obj\main.o
 .debug_info    0x00001e6d      0xc63 ..\obj\stm32f4xx_rcc.o
 .debug_info    0x00002ad0      0xc40 ..\obj\stm32f4xx_adc.o
 .debug_info    0x00003710      0x535 ..\obj\display.o
 .debug_info    0x00003c45      0xb43 ..\obj\spi_sd.o
 .debug_info    0x00004788      0x61a ..\obj\stm32f4xx_gpio.o
 .debug_info    0x00004da2      0x191 ..\obj\list.o
 .debug_info    0x00004f33      0x5c5 ..\obj\system_stm32f4xx.o
 .debug_info    0x000054f8      0x458 ..\obj\syscalls.o
 .debug_info    0x00005950      0x741 ..\obj\stm32f4xx_dma.o
 .debug_info    0x00006091     0x192e ..\obj\ff.o
 .debug_info    0x000079bf      0xb0f ..\obj\stm32f4xx_spi.o
 .debug_info    0x000084ce      0x357 ..\obj\stm32f4xx_exti.o
 .debug_info    0x00008825      0x556 ..\obj\misc.o
 .debug_info    0x00008d7b     0x1c69 ..\obj\stm32f4xx_tim.o

.debug_abbrev   0x00000000     0x1bb9
 .debug_abbrev  0x00000000      0x133 ..\obj\stm32f4xx_syscfg.o
 .debug_abbrev  0x00000133       0xed ..\obj\delay.o
 .debug_abbrev  0x00000220      0x17e ..\obj\stm32f4xx_dac.o
 .debug_abbrev  0x0000039e       0xb0 ..\obj\startup_stm32f4xx.o
 .debug_abbrev  0x0000044e      0x240 ..\obj\main.o
 .debug_abbrev  0x0000068e      0x1e5 ..\obj\stm32f4xx_rcc.o
 .debug_abbrev  0x00000873      0x198 ..\obj\stm32f4xx_adc.o
 .debug_abbrev  0x00000a0b      0x19f ..\obj\display.o
 .debug_abbrev  0x00000baa      0x2a8 ..\obj\spi_sd.o
 .debug_abbrev  0x00000e52      0x1a7 ..\obj\stm32f4xx_gpio.o
 .debug_abbrev  0x00000ff9       0xd8 ..\obj\list.o
 .debug_abbrev  0x000010d1      0x138 ..\obj\system_stm32f4xx.o
 .debug_abbrev  0x00001209       0xe5 ..\obj\syscalls.o
 .debug_abbrev  0x000012ee      0x157 ..\obj\stm32f4xx_dma.o
 .debug_abbrev  0x00001445      0x192 ..\obj\ff.o
 .debug_abbrev  0x000015d7      0x169 ..\obj\stm32f4xx_spi.o
 .debug_abbrev  0x00001740      0x1a9 ..\obj\stm32f4xx_exti.o
 .debug_abbrev  0x000018e9      0x147 ..\obj\misc.o
 .debug_abbrev  0x00001a30      0x189 ..\obj\stm32f4xx_tim.o

.debug_aranges  0x00000000      0xd88
 .debug_aranges
                0x00000000       0x48 ..\obj\stm32f4xx_syscfg.o
 .debug_aranges
                0x00000048       0x30 ..\obj\delay.o
 .debug_aranges
                0x00000078       0xa0 ..\obj\stm32f4xx_dac.o
 .debug_aranges
                0x00000118       0x28 ..\obj\startup_stm32f4xx.o
 .debug_aranges
                0x00000140       0x90 ..\obj\main.o
 .debug_aranges
                0x000001d0      0x178 ..\obj\stm32f4xx_rcc.o
 .debug_aranges
                0x00000348      0x148 ..\obj\stm32f4xx_adc.o
 .debug_aranges
                0x00000490       0x50 ..\obj\display.o
 .debug_aranges
                0x000004e0       0xb8 ..\obj\spi_sd.o
 .debug_aranges
                0x00000598       0x88 ..\obj\stm32f4xx_gpio.o
 .debug_aranges
                0x00000620       0x20 ..\obj\list.o
 .debug_aranges
                0x00000640       0x30 ..\obj\system_stm32f4xx.o
 .debug_aranges
                0x00000670       0x60 ..\obj\syscalls.o
 .debug_aranges
                0x000006d0       0xb0 ..\obj\stm32f4xx_dma.o
 .debug_aranges
                0x00000780      0x198 ..\obj\ff.o
 .debug_aranges
                0x00000918       0xe0 ..\obj\stm32f4xx_spi.o
 .debug_aranges
                0x000009f8       0x58 ..\obj\stm32f4xx_exti.o
 .debug_aranges
                0x00000a50       0x40 ..\obj\misc.o
 .debug_aranges
                0x00000a90      0x2f8 ..\obj\stm32f4xx_tim.o

.debug_ranges   0x00000000      0xc70
 .debug_ranges  0x00000000       0x38 ..\obj\stm32f4xx_syscfg.o
 .debug_ranges  0x00000038       0x20 ..\obj\delay.o
 .debug_ranges  0x00000058       0x90 ..\obj\stm32f4xx_dac.o
 .debug_ranges  0x000000e8       0x18 ..\obj\startup_stm32f4xx.o
 .debug_ranges  0x00000100       0x98 ..\obj\main.o
 .debug_ranges  0x00000198      0x168 ..\obj\stm32f4xx_rcc.o
 .debug_ranges  0x00000300      0x138 ..\obj\stm32f4xx_adc.o
 .debug_ranges  0x00000438       0x40 ..\obj\display.o
 .debug_ranges  0x00000478       0xa8 ..\obj\spi_sd.o
 .debug_ranges  0x00000520       0x78 ..\obj\stm32f4xx_gpio.o
 .debug_ranges  0x00000598       0x10 ..\obj\list.o
 .debug_ranges  0x000005a8       0x20 ..\obj\system_stm32f4xx.o
 .debug_ranges  0x000005c8       0x50 ..\obj\syscalls.o
 .debug_ranges  0x00000618       0xa0 ..\obj\stm32f4xx_dma.o
 .debug_ranges  0x000006b8      0x188 ..\obj\ff.o
 .debug_ranges  0x00000840       0xd0 ..\obj\stm32f4xx_spi.o
 .debug_ranges  0x00000910       0x48 ..\obj\stm32f4xx_exti.o
 .debug_ranges  0x00000958       0x30 ..\obj\misc.o
 .debug_ranges  0x00000988      0x2e8 ..\obj\stm32f4xx_tim.o

.debug_line     0x00000000     0x50f7
 .debug_line    0x00000000      0x23a ..\obj\stm32f4xx_syscfg.o
 .debug_line    0x0000023a      0x1aa ..\obj\delay.o
 .debug_line    0x000003e4      0x386 ..\obj\stm32f4xx_dac.o
 .debug_line    0x0000076a       0xa6 ..\obj\startup_stm32f4xx.o
 .debug_line    0x00000810      0x4ee ..\obj\main.o
 .debug_line    0x00000cfe      0x5d9 ..\obj\stm32f4xx_rcc.o
 .debug_line    0x000012d7      0x591 ..\obj\stm32f4xx_adc.o
 .debug_line    0x00001868      0x353 ..\obj\display.o
 .debug_line    0x00001bbb      0x60e ..\obj\spi_sd.o
 .debug_line    0x000021c9      0x394 ..\obj\stm32f4xx_gpio.o
 .debug_line    0x0000255d       0xc9 ..\obj\list.o
 .debug_line    0x00002626      0x20c ..\obj\system_stm32f4xx.o
 .debug_line    0x00002832      0x1f6 ..\obj\syscalls.o
 .debug_line    0x00002a28      0x45e ..\obj\stm32f4xx_dma.o
 .debug_line    0x00002e86      0xda8 ..\obj\ff.o
 .debug_line    0x00003c2e      0x48d ..\obj\stm32f4xx_spi.o
 .debug_line    0x000040bb      0x2d5 ..\obj\stm32f4xx_exti.o
 .debug_line    0x00004390      0x272 ..\obj\misc.o
 .debug_line    0x00004602      0xaf5 ..\obj\stm32f4xx_tim.o

.debug_str      0x00000000     0x3e5d
 .debug_str     0x00000000      0x29b ..\obj\stm32f4xx_syscfg.o
                                0x2f9 (size before relaxing)
 .debug_str     0x0000029b       0x86 ..\obj\delay.o
                                0x1e4 (size before relaxing)
 .debug_str     0x00000321      0x2a0 ..\obj\stm32f4xx_dac.o
                                0x458 (size before relaxing)
 .debug_str     0x000005c1       0xb5 ..\obj\startup_stm32f4xx.o
                                0x14c (size before relaxing)
 .debug_str     0x00000676     0x1009 ..\obj\main.o
                               0x125c (size before relaxing)
 .debug_str     0x0000167f      0x63b ..\obj\stm32f4xx_rcc.o
                                0x855 (size before relaxing)
 .debug_str     0x00001cba      0x4df ..\obj\stm32f4xx_adc.o
                                0x809 (size before relaxing)
 .debug_str     0x00002199       0xc4 ..\obj\display.o
                                0x34c (size before relaxing)
 .debug_str     0x0000225d      0x26a ..\obj\spi_sd.o
                                0x6b0 (size before relaxing)
 .debug_str     0x000024c7      0x19d ..\obj\stm32f4xx_gpio.o
                                0x4a8 (size before relaxing)
 .debug_str     0x00002664       0x8e ..\obj\list.o
                                0x1ea (size before relaxing)
 .debug_str     0x000026f2      0x11d ..\obj\system_stm32f4xx.o
                                0x3af (size before relaxing)
 .debug_str     0x0000280f      0x172 ..\obj\syscalls.o
                                0x343 (size before relaxing)
 .debug_str     0x00002981      0x26c ..\obj\stm32f4xx_dma.o
                                0x547 (size before relaxing)
 .debug_str     0x00002bed      0x2a3 ..\obj\ff.o
                                0x625 (size before relaxing)
 .debug_str     0x00002e90      0x2fb ..\obj\stm32f4xx_spi.o
                                0x68f (size before relaxing)
 .debug_str     0x0000318b      0x105 ..\obj\stm32f4xx_exti.o
                                0x35e (size before relaxing)
 .debug_str     0x00003290      0x142 ..\obj\misc.o
                                0x3d3 (size before relaxing)
 .debug_str     0x000033d2      0xa8b ..\obj\stm32f4xx_tim.o
                                0xdd5 (size before relaxing)

.comment        0x00000000       0x6e
 .comment       0x00000000       0x6e ..\obj\stm32f4xx_syscfg.o
                                 0x6f (size before relaxing)
 .comment       0x0000006e       0x6f ..\obj\delay.o
 .comment       0x0000006e       0x6f ..\obj\stm32f4xx_dac.o
 .comment       0x0000006e       0x6f ..\obj\startup_stm32f4xx.o
 .comment       0x0000006e       0x6f ..\obj\main.o
 .comment       0x0000006e       0x6f ..\obj\stm32f4xx_rcc.o
 .comment       0x0000006e       0x6f ..\obj\stm32f4xx_adc.o
 .comment       0x0000006e       0x6f ..\obj\display.o
 .comment       0x0000006e       0x6f ..\obj\spi_sd.o
 .comment       0x0000006e       0x6f ..\obj\stm32f4xx_gpio.o
 .comment       0x0000006e       0x6f ..\obj\list.o
 .comment       0x0000006e       0x6f ..\obj\system_stm32f4xx.o
 .comment       0x0000006e       0x6f ..\obj\syscalls.o
 .comment       0x0000006e       0x6f ..\obj\stm32f4xx_dma.o
 .comment       0x0000006e       0x6f ..\obj\ff.o
 .comment       0x0000006e       0x6f ..\obj\stm32f4xx_spi.o
 .comment       0x0000006e       0x6f ..\obj\stm32f4xx_exti.o
 .comment       0x0000006e       0x6f ..\obj\misc.o
 .comment       0x0000006e       0x6f ..\obj\stm32f4xx_tim.o

.ARM.attributes
                0x00000000       0x33
 .ARM.attributes
                0x00000000       0x33 ..\obj\stm32f4xx_syscfg.o
 .ARM.attributes
                0x00000033       0x33 ..\obj\delay.o
 .ARM.attributes
                0x00000066       0x33 ..\obj\stm32f4xx_dac.o
 .ARM.attributes
                0x00000099       0x33 ..\obj\startup_stm32f4xx.o
 .ARM.attributes
                0x000000cc       0x33 ..\obj\main.o
 .ARM.attributes
                0x000000ff       0x33 ..\obj\stm32f4xx_rcc.o
 .ARM.attributes
                0x00000132       0x33 ..\obj\stm32f4xx_adc.o
 .ARM.attributes
                0x00000165       0x33 ..\obj\display.o
 .ARM.attributes
                0x00000198       0x33 ..\obj\spi_sd.o
 .ARM.attributes
                0x000001cb       0x33 ..\obj\stm32f4xx_gpio.o
 .ARM.attributes
                0x000001fe       0x33 ..\obj\list.o
 .ARM.attributes
                0x00000231       0x33 ..\obj\system_stm32f4xx.o
 .ARM.attributes
                0x00000264       0x33 ..\obj\syscalls.o
 .ARM.attributes
                0x00000297       0x33 ..\obj\stm32f4xx_dma.o
 .ARM.attributes
                0x000002ca       0x33 ..\obj\ff.o
 .ARM.attributes
                0x000002fd       0x33 ..\obj\stm32f4xx_spi.o
 .ARM.attributes
                0x00000330       0x33 ..\obj\stm32f4xx_exti.o
 .ARM.attributes
                0x00000363       0x33 ..\obj\misc.o
 .ARM.attributes
                0x00000396       0x33 ..\obj\stm32f4xx_tim.o
 .ARM.attributes
                0x000003c9       0x1e c:/program files (x86)/gnu tools arm embedded/5.4 2016q3/bin/../lib/gcc/arm-none-eabi/5.4.1/armv7e-m\libgcc.a(_arm_addsubdf3.o)
 .ARM.attributes
                0x000003e7       0x1e c:/program files (x86)/gnu tools arm embedded/5.4 2016q3/bin/../lib/gcc/arm-none-eabi/5.4.1/armv7e-m\libgcc.a(_arm_muldivdf3.o)
 .ARM.attributes
                0x00000405       0x1e c:/program files (x86)/gnu tools arm embedded/5.4 2016q3/bin/../lib/gcc/arm-none-eabi/5.4.1/armv7e-m\libgcc.a(_arm_cmpdf2.o)
 .ARM.attributes
                0x00000423       0x1e c:/program files (x86)/gnu tools arm embedded/5.4 2016q3/bin/../lib/gcc/arm-none-eabi/5.4.1/armv7e-m\libgcc.a(_arm_fixdfsi.o)
 .ARM.attributes
                0x00000441       0x1e c:/program files (x86)/gnu tools arm embedded/5.4 2016q3/bin/../lib/gcc/arm-none-eabi/5.4.1/armv7e-m\libgcc.a(_arm_truncdfsf2.o)
 .ARM.attributes
                0x0000045f       0x1e c:/program files (x86)/gnu tools arm embedded/5.4 2016q3/bin/../lib/gcc/arm-none-eabi/5.4.1/armv7e-m\libgcc.a(_arm_addsubsf3.o)
 .ARM.attributes
                0x0000047d       0x1e c:/program files (x86)/gnu tools arm embedded/5.4 2016q3/bin/../lib/gcc/arm-none-eabi/5.4.1/armv7e-m\libgcc.a(_arm_muldivsf3.o)
 .ARM.attributes
                0x0000049b       0x1e c:/program files (x86)/gnu tools arm embedded/5.4 2016q3/bin/../lib/gcc/arm-none-eabi/5.4.1/armv7e-m\libgcc.a(_arm_cmpsf2.o)
 .ARM.attributes
                0x000004b9       0x1e c:/program files (x86)/gnu tools arm embedded/5.4 2016q3/bin/../lib/gcc/arm-none-eabi/5.4.1/armv7e-m\libgcc.a(_arm_fixunssfsi.o)
 .ARM.attributes
                0x000004d7       0x2e c:/program files (x86)/gnu tools arm embedded/5.4 2016q3/bin/../lib/gcc/arm-none-eabi/5.4.1/../../../../arm-none-eabi/lib/armv7e-m\libg.a(lib_a-malloc.o)
 .ARM.attributes
                0x00000505       0x2e c:/program files (x86)/gnu tools arm embedded/5.4 2016q3/bin/../lib/gcc/arm-none-eabi/5.4.1/../../../../arm-none-eabi/lib/armv7e-m\libg.a(lib_a-mallocr.o)
 .ARM.attributes
                0x00000533       0x2e c:/program files (x86)/gnu tools arm embedded/5.4 2016q3/bin/../lib/gcc/arm-none-eabi/5.4.1/../../../../arm-none-eabi/lib/armv7e-m\libg.a(lib_a-mlock.o)
 .ARM.attributes
                0x00000561       0x2e c:/program files (x86)/gnu tools arm embedded/5.4 2016q3/bin/../lib/gcc/arm-none-eabi/5.4.1/../../../../arm-none-eabi/lib/armv7e-m\libg.a(lib_a-sbrkr.o)
 .ARM.attributes
                0x0000058f       0x2e c:/program files (x86)/gnu tools arm embedded/5.4 2016q3/bin/../lib/gcc/arm-none-eabi/5.4.1/../../../../arm-none-eabi/lib/armv7e-m\libg.a(lib_a-freer.o)
 .ARM.attributes
                0x000005bd       0x2e c:/program files (x86)/gnu tools arm embedded/5.4 2016q3/bin/../lib/gcc/arm-none-eabi/5.4.1/../../../../arm-none-eabi/lib/armv7e-m\libg.a(lib_a-impure.o)
 .ARM.attributes
                0x000005eb       0x2e c:/program files (x86)/gnu tools arm embedded/5.4 2016q3/bin/../lib/gcc/arm-none-eabi/5.4.1/../../../../arm-none-eabi/lib/armv7e-m\libg.a(lib_a-reent.o)

.debug_frame    0x00000000     0x3be8
 .debug_frame   0x00000000       0xf4 ..\obj\stm32f4xx_syscfg.o
 .debug_frame   0x000000f4       0x84 ..\obj\delay.o
 .debug_frame   0x00000178      0x2ac ..\obj\stm32f4xx_dac.o
 .debug_frame   0x00000424       0x4c ..\obj\startup_stm32f4xx.o
 .debug_frame   0x00000470      0x224 ..\obj\main.o
 .debug_frame   0x00000694      0x6d4 ..\obj\stm32f4xx_rcc.o
 .debug_frame   0x00000d68      0x5ec ..\obj\stm32f4xx_adc.o
 .debug_frame   0x00001354      0x114 ..\obj\display.o
 .debug_frame   0x00001468      0x2e4 ..\obj\spi_sd.o
 .debug_frame   0x0000174c      0x23c ..\obj\stm32f4xx_gpio.o
 .debug_frame   0x00001988       0x44 ..\obj\list.o
 .debug_frame   0x000019cc       0x7c ..\obj\system_stm32f4xx.o
 .debug_frame   0x00001a48      0x168 ..\obj\syscalls.o
 .debug_frame   0x00001bb0      0x308 ..\obj\stm32f4xx_dma.o
 .debug_frame   0x00001eb8      0x718 ..\obj\ff.o
 .debug_frame   0x000025d0      0x3f4 ..\obj\stm32f4xx_spi.o
 .debug_frame   0x000029c4      0x148 ..\obj\stm32f4xx_exti.o
 .debug_frame   0x00002b0c       0xd8 ..\obj\misc.o
 .debug_frame   0x00002be4      0xe54 ..\obj\stm32f4xx_tim.o
 .debug_frame   0x00003a38       0x30 c:/program files (x86)/gnu tools arm embedded/5.4 2016q3/bin/../lib/gcc/arm-none-eabi/5.4.1/../../../../arm-none-eabi/lib/armv7e-m\libg.a(lib_a-malloc.o)
 .debug_frame   0x00003a68       0x58 c:/program files (x86)/gnu tools arm embedded/5.4 2016q3/bin/../lib/gcc/arm-none-eabi/5.4.1/../../../../arm-none-eabi/lib/armv7e-m\libg.a(lib_a-mallocr.o)
 .debug_frame   0x00003ac0       0x30 c:/program files (x86)/gnu tools arm embedded/5.4 2016q3/bin/../lib/gcc/arm-none-eabi/5.4.1/../../../../arm-none-eabi/lib/armv7e-m\libg.a(lib_a-mlock.o)
 .debug_frame   0x00003af0       0x2c c:/program files (x86)/gnu tools arm embedded/5.4 2016q3/bin/../lib/gcc/arm-none-eabi/5.4.1/../../../../arm-none-eabi/lib/armv7e-m\libg.a(lib_a-sbrkr.o)
 .debug_frame   0x00003b1c       0x74 c:/program files (x86)/gnu tools arm embedded/5.4 2016q3/bin/../lib/gcc/arm-none-eabi/5.4.1/../../../../arm-none-eabi/lib/armv7e-m\libg.a(lib_a-freer.o)
 .debug_frame   0x00003b90       0x58 c:/program files (x86)/gnu tools arm embedded/5.4 2016q3/bin/../lib/gcc/arm-none-eabi/5.4.1/../../../../arm-none-eabi/lib/armv7e-m\libg.a(lib_a-reent.o)
